Component: ARM Compiler 5.06 update 7 (build 960) Tool: armlink [4d3601]

==============================================================================

Section Cross References

    startup_stm32l471xx.o(RESET) refers to startup_stm32l471xx.o(STACK) for __initial_sp
    startup_stm32l471xx.o(RESET) refers to startup_stm32l471xx.o(.text) for Reset_Handler
    startup_stm32l471xx.o(RESET) refers to stm32l4xx_it.o(i.NMI_Handler) for NMI_Handler
    startup_stm32l471xx.o(RESET) refers to stm32l4xx_it.o(i.HardFault_Handler) for HardFault_Handler
    startup_stm32l471xx.o(RESET) refers to stm32l4xx_it.o(i.MemManage_Handler) for MemManage_Handler
    startup_stm32l471xx.o(RESET) refers to stm32l4xx_it.o(i.BusFault_Handler) for BusFault_Handler
    startup_stm32l471xx.o(RESET) refers to stm32l4xx_it.o(i.UsageFault_Handler) for UsageFault_Handler
    startup_stm32l471xx.o(RESET) refers to port.o(.emb_text) for SVC_Handler
    startup_stm32l471xx.o(RESET) refers to stm32l4xx_it.o(i.DebugMon_Handler) for DebugMon_Handler
    startup_stm32l471xx.o(RESET) refers to cmsis_os2.o(i.SysTick_Handler) for SysTick_Handler
    startup_stm32l471xx.o(RESET) refers to stm32l4xx_it.o(i.DMA1_Channel5_IRQHandler) for DMA1_Channel5_IRQHandler
    startup_stm32l471xx.o(RESET) refers to stm32l4xx_it.o(i.USART1_IRQHandler) for USART1_IRQHandler
    startup_stm32l471xx.o(RESET) refers to stm32l4xx_it.o(i.TIM6_DAC_IRQHandler) for TIM6_DAC_IRQHandler
    startup_stm32l471xx.o(RESET) refers to stm32l4xx_it.o(i.TIM7_IRQHandler) for TIM7_IRQHandler
    startup_stm32l471xx.o(.text) refers to system_stm32l4xx.o(i.SystemInit) for SystemInit
    startup_stm32l471xx.o(.text) refers to entry.o(.ARM.Collect$$$$00000000) for __main
    main.o(i.HAL_TIM_PeriodElapsedCallback) refers to stm32l4xx_hal.o(i.HAL_IncTick) for HAL_IncTick
    main.o(i.SystemClock_Config) refers to memseta.o(.text) for __aeabi_memclr4
    main.o(i.SystemClock_Config) refers to stm32l4xx_hal_pwr_ex.o(i.HAL_PWREx_ControlVoltageScaling) for HAL_PWREx_ControlVoltageScaling
    main.o(i.SystemClock_Config) refers to main.o(i.Error_Handler) for Error_Handler
    main.o(i.SystemClock_Config) refers to stm32l4xx_hal_rcc.o(i.HAL_RCC_OscConfig) for HAL_RCC_OscConfig
    main.o(i.SystemClock_Config) refers to stm32l4xx_hal_rcc.o(i.HAL_RCC_ClockConfig) for HAL_RCC_ClockConfig
    main.o(i.main) refers to stm32l4xx_hal.o(i.HAL_Init) for HAL_Init
    main.o(i.main) refers to main.o(i.SystemClock_Config) for SystemClock_Config
    main.o(i.main) refers to gpio.o(i.MX_GPIO_Init) for MX_GPIO_Init
    main.o(i.main) refers to dma.o(i.MX_DMA_Init) for MX_DMA_Init
    main.o(i.main) refers to usart.o(i.MX_USART1_UART_Init) for MX_USART1_UART_Init
    main.o(i.main) refers to tim.o(i.MX_TIM6_Init) for MX_TIM6_Init
    main.o(i.main) refers to spi.o(i.MX_SPI2_Init) for MX_SPI2_Init
    main.o(i.main) refers to cmsis_os2.o(i.osKernelInitialize) for osKernelInitialize
    main.o(i.main) refers to freertos.o(i.MX_FREERTOS_Init) for MX_FREERTOS_Init
    main.o(i.main) refers to cmsis_os2.o(i.osKernelStart) for osKernelStart
    gpio.o(i.MX_GPIO_Init) refers to memseta.o(.text) for __aeabi_memclr4
    gpio.o(i.MX_GPIO_Init) refers to stm32l4xx_hal_gpio.o(i.HAL_GPIO_WritePin) for HAL_GPIO_WritePin
    gpio.o(i.MX_GPIO_Init) refers to stm32l4xx_hal_gpio.o(i.HAL_GPIO_Init) for HAL_GPIO_Init
    freertos.o(i.MX_FREERTOS_Init) refers to cmsis_os2.o(i.osThreadNew) for osThreadNew
    freertos.o(i.MX_FREERTOS_Init) refers to freertos.o(.constdata) for .constdata
    freertos.o(i.MX_FREERTOS_Init) refers to freertos.o(i.StartDefaultTask) for StartDefaultTask
    freertos.o(i.MX_FREERTOS_Init) refers to freertos.o(.data) for .data
    freertos.o(i.StartDefaultTask) refers to cmsis_os2.o(i.osDelay) for osDelay
    freertos.o(.constdata) refers to freertos.o(.conststring) for .conststring
    dma.o(i.MX_DMA_Init) refers to stm32l4xx_hal_cortex.o(i.HAL_NVIC_SetPriority) for HAL_NVIC_SetPriority
    dma.o(i.MX_DMA_Init) refers to stm32l4xx_hal_cortex.o(i.HAL_NVIC_EnableIRQ) for HAL_NVIC_EnableIRQ
    spi.o(i.HAL_SPI_MspDeInit) refers to stm32l4xx_hal_gpio.o(i.HAL_GPIO_DeInit) for HAL_GPIO_DeInit
    spi.o(i.HAL_SPI_MspInit) refers to memseta.o(.text) for __aeabi_memclr4
    spi.o(i.HAL_SPI_MspInit) refers to stm32l4xx_hal_gpio.o(i.HAL_GPIO_Init) for HAL_GPIO_Init
    spi.o(i.MX_SPI2_Init) refers to stm32l4xx_hal_spi.o(i.HAL_SPI_Init) for HAL_SPI_Init
    spi.o(i.MX_SPI2_Init) refers to main.o(i.Error_Handler) for Error_Handler
    spi.o(i.MX_SPI2_Init) refers to spi.o(.bss) for .bss
    tim.o(i.HAL_TIM_Base_MspDeInit) refers to stm32l4xx_hal_cortex.o(i.HAL_NVIC_DisableIRQ) for HAL_NVIC_DisableIRQ
    tim.o(i.HAL_TIM_Base_MspInit) refers to stm32l4xx_hal_cortex.o(i.HAL_NVIC_SetPriority) for HAL_NVIC_SetPriority
    tim.o(i.HAL_TIM_Base_MspInit) refers to stm32l4xx_hal_cortex.o(i.HAL_NVIC_EnableIRQ) for HAL_NVIC_EnableIRQ
[...]
    ../Drivers/STM32L4xx_HAL_Driver/Src/stm32l4xx_hal_pwr_ex.c 0x00000000   Number         0  stm32l4xx_hal_pwr_ex.o ABSOLUTE
    ../Drivers/STM32L4xx_HAL_Driver/Src/stm32l4xx_hal_rcc.c 0x00000000   Number         0  stm32l4xx_hal_rcc.o ABSOLUTE
    ../Drivers/STM32L4xx_HAL_Driver/Src/stm32l4xx_hal_rcc_ex.c 0x00000000   Number         0  stm32l4xx_hal_rcc_ex.o ABSOLUTE
    ../Drivers/STM32L4xx_HAL_Driver/Src/stm32l4xx_hal_spi.c 0x00000000   Number         0  stm32l4xx_hal_spi.o ABSOLUTE
    ../Drivers/STM32L4xx_HAL_Driver/Src/stm32l4xx_hal_spi_ex.c 0x00000000   Number         0  stm32l4xx_hal_spi_ex.o ABSOLUTE
    ../Drivers/STM32L4xx_HAL_Driver/Src/stm32l4xx_hal_tim.c 0x00000000   Number         0  stm32l4xx_hal_tim.o ABSOLUTE
    ../Drivers/STM32L4xx_HAL_Driver/Src/stm32l4xx_hal_tim_ex.c 0x00000000   Number         0  stm32l4xx_hal_tim_ex.o ABSOLUTE
    ../Drivers/STM32L4xx_HAL_Driver/Src/stm32l4xx_hal_uart.c 0x00000000   Number         0  stm32l4xx_hal_uart.o ABSOLUTE
    ../Drivers/STM32L4xx_HAL_Driver/Src/stm32l4xx_hal_uart_ex.c 0x00000000   Number         0  stm32l4xx_hal_uart_ex.o ABSOLUTE
    ../Middlewares/Third_Party/FreeRTOS/Source/CMSIS_RTOS_V2/cmsis_os2.c 0x00000000   Number         0  cmsis_os2.o ABSOLUTE
    ../Middlewares/Third_Party/FreeRTOS/Source/croutine.c 0x00000000   Number         0  croutine.o ABSOLUTE
    ../Middlewares/Third_Party/FreeRTOS/Source/event_groups.c 0x00000000   Number         0  event_groups.o ABSOLUTE
    ../Middlewares/Third_Party/FreeRTOS/Source/list.c 0x00000000   Number         0  list.o ABSOLUTE
    ../Middlewares/Third_Party/FreeRTOS/Source/portable/MemMang/heap_4.c 0x00000000   Number         0  heap_4.o ABSOLUTE
    ../Middlewares/Third_Party/FreeRTOS/Source/portable/RVDS/ARM_CM4F/port.c 0x00000000   Number         0  port.o ABSOLUTE
    ../Middlewares/Third_Party/FreeRTOS/Source/queue.c 0x00000000   Number         0  queue.o ABSOLUTE
    ../Middlewares/Third_Party/FreeRTOS/Source/stream_buffer.c 0x00000000   Number         0  stream_buffer.o ABSOLUTE
    ../Middlewares/Third_Party/FreeRTOS/Source/tasks.c 0x00000000   Number         0  tasks.o ABSOLUTE
    ../Middlewares/Third_Party/FreeRTOS/Source/timers.c 0x00000000   Number         0  timers.o ABSOLUTE
    ../clib/microlib/division.c              0x00000000   Number         0  uldiv.o ABSOLUTE
    ../clib/microlib/init/entry.s            0x00000000   Number         0  entry8a.o ABSOLUTE
    ../clib/microlib/init/entry.s            0x00000000   Number         0  entry9a.o ABSOLUTE
    ../clib/microlib/init/entry.s            0x00000000   Number         0  entry10a.o ABSOLUTE
    ../clib/microlib/init/entry.s            0x00000000   Number         0  entry10b.o ABSOLUTE
    ../clib/microlib/init/entry.s            0x00000000   Number         0  entry11a.o ABSOLUTE
    ../clib/microlib/init/entry.s            0x00000000   Number         0  entry11b.o ABSOLUTE
    ../clib/microlib/init/entry.s            0x00000000   Number         0  entry12a.o ABSOLUTE
    ../clib/microlib/init/entry.s            0x00000000   Number         0  entry5.o ABSOLUTE
    ../clib/microlib/init/entry.s            0x00000000   Number         0  entry12b.o ABSOLUTE
    ../clib/microlib/init/entry.s            0x00000000   Number         0  entry9b.o ABSOLUTE
    ../clib/microlib/init/entry.s            0x00000000   Number         0  entry2.o ABSOLUTE
    ../clib/microlib/init/entry.s            0x00000000   Number         0  entry8b.o ABSOLUTE
    ../clib/microlib/init/entry.s            0x00000000   Number         0  entry.o ABSOLUTE
    ../clib/microlib/init/entry.s            0x00000000   Number         0  entry7b.o ABSOLUTE
    ../clib/microlib/init/entry.s            0x00000000   Number         0  entry7a.o ABSOLUTE
    ../clib/microlib/longlong.c              0x00000000   Number         0  llushr.o ABSOLUTE
    ../clib/microlib/longlong.c              0x00000000   Number         0  llshl.o ABSOLUTE
    ../clib/microlib/string/memcpy.c         0x00000000   Number         0  memcpyb.o ABSOLUTE
    ../clib/microlib/string/memcpy.c         0x00000000   Number         0  memcpya.o ABSOLUTE
    ../clib/microlib/string/memset.c         0x00000000   Number         0  memset.o ABSOLUTE
    ../clib/microlib/string/memset.c         0x00000000   Number         0  memseta.o ABSOLUTE
    ..\Core\Src\dma.c                        0x00000000   Number         0  dma.o ABSOLUTE
    ..\Core\Src\freertos.c                   0x00000000   Number         0  freertos.o ABSOLUTE
    ..\Core\Src\gpio.c                       0x00000000   Number         0  gpio.o ABSOLUTE
    ..\Core\Src\main.c                       0x00000000   Number         0  main.o ABSOLUTE
    ..\Core\Src\spi.c                        0x00000000   Number         0  spi.o ABSOLUTE
    ..\Core\Src\stm32l4xx_hal_msp.c          0x00000000   Number         0  stm32l4xx_hal_msp.o ABSOLUTE
    ..\Core\Src\stm32l4xx_hal_timebase_tim.c 0x00000000   Number         0  stm32l4xx_hal_timebase_tim.o ABSOLUTE
    ..\Core\Src\stm32l4xx_it.c               0x00000000   Number         0  stm32l4xx_it.o ABSOLUTE
    ..\Core\Src\system_stm32l4xx.c           0x00000000   Number         0  system_stm32l4xx.o ABSOLUTE
    ..\Core\Src\tim.c                        0x00000000   Number         0  tim.o ABSOLUTE
    ..\Core\Src\usart.c                      0x00000000   Number         0  usart.o ABSOLUTE
    ..\Drivers\STM32L4xx_HAL_Driver\Src\stm32l4xx_hal.c 0x00000000   Number         0  stm32l4xx_hal.o ABSOLUTE
    ..\Drivers\STM32L4xx_HAL_Driver\Src\stm32l4xx_hal_cortex.c 0x00000000   Number         0  stm32l4xx_hal_cortex.o ABSOLUTE
    ..\Drivers\STM32L4xx_HAL_Driver\Src\stm32l4xx_hal_dma.c 0x00000000   Number         0  stm32l4xx_hal_dma.o ABSOLUTE
    ..\Drivers\STM32L4xx_HAL_Driver\Src\stm32l4xx_hal_dma_ex.c 0x00000000   Number         0  stm32l4xx_hal_dma_ex.o ABSOLUTE
    ..\Drivers\STM32L4xx_HAL_Driver\Src\stm32l4xx_hal_exti.c 0x00000000   Number         0  stm32l4xx_hal_exti.o ABSOLUTE
    ..\Drivers\STM32L4xx_HAL_Driver\Src\stm32l4xx_hal_flash.c 0x00000000   Number         0  stm32l4xx_hal_flash.o ABSOLUTE
    ..\Drivers\STM32L4xx_HAL_Driver\Src\stm32l4xx_hal_flash_ex.c 0x00000000   Number         0  stm32l4xx_hal_flash_ex.o ABSOLUTE
    ..\Drivers\STM32L4xx_HAL_Driver\Src\stm32l4xx_hal_flash_ramfunc.c 0x00000000   Number         0  stm32l4xx_hal_flash_ramfunc.o ABSOLUTE
    ..\Drivers\STM32L4xx_HAL_Driver\Src\stm32l4xx_hal_gpio.c 0x00000000   Number         0  stm32l4xx_hal_gpio.o ABSOLUTE
    ..\Drivers\STM32L4xx_HAL_Driver\Src\stm32l4xx_hal_i2c.c 0x00000000   Number         0  stm32l4xx_hal_i2c.o ABSOLUTE
    ..\Drivers\STM32L4xx_HAL_Driver\Src\stm32l4xx_hal_i2c_ex.c 0x00000000   Number         0  stm32l4xx_hal_i2c_ex.o ABSOLUTE
    ..\Drivers\STM32L4xx_HAL_Driver\Src\stm32l4xx_hal_pwr.c 0x00000000   Number         0  stm32l4xx_hal_pwr.o ABSOLUTE
    ..\Drivers\STM32L4xx_HAL_Driver\Src\stm32l4xx_hal_pwr_ex.c 0x00000000   Number         0  stm32l4xx_hal_pwr_ex.o ABSOLUTE
    ..\Drivers\STM32L4xx_HAL_Driver\Src\stm32l4xx_hal_rcc.c 0x00000000   Number         0  stm32l4xx_hal_rcc.o ABSOLUTE
    ..\Drivers\STM32L4xx_HAL_Driver\Src\stm32l4xx_hal_rcc_ex.c 0x00000000   Number         0  stm32l4xx_hal_rcc_ex.o ABSOLUTE
    ..\Drivers\STM32L4xx_HAL_Driver\Src\stm32l4xx_hal_spi.c 0x00000000   Number         0  stm32l4xx_hal_spi.o ABSOLUTE
    ..\Drivers\STM32L4xx_HAL_Driver\Src\stm32l4xx_hal_spi_ex.c 0x00000000   Number         0  stm32l4xx_hal_spi_ex.o ABSOLUTE
    ..\Drivers\STM32L4xx_HAL_Driver\Src\stm32l4xx_hal_tim.c 0x00000000   Number         0  stm32l4xx_hal_tim.o ABSOLUTE
    ..\Drivers\STM32L4xx_HAL_Driver\Src\stm32l4xx_hal_tim_ex.c 0x00000000   Number         0  stm32l4xx_hal_tim_ex.o ABSOLUTE
    ..\Drivers\STM32L4xx_HAL_Driver\Src\stm32l4xx_hal_uart.c 0x00000000   Number         0  stm32l4xx_hal_uart.o ABSOLUTE
    ..\Drivers\STM32L4xx_HAL_Driver\Src\stm32l4xx_hal_uart_ex.c 0x00000000   Number         0  stm32l4xx_hal_uart_ex.o ABSOLUTE
    ..\Middlewares\Third_Party\FreeRTOS\Source\CMSIS_RTOS_V2\cmsis_os2.c 0x00000000   Number         0  cmsis_os2.o ABSOLUTE
    ..\Middlewares\Third_Party\FreeRTOS\Source\portable\RVDS\ARM_CM4F\port.c 0x00000000   Number         0  port.o ABSOLUTE
    dc.s                                     0x00000000   Number         0  dc.o ABSOLUTE
    handlers.s                               0x00000000   Number         0  handlers.o ABSOLUTE
    init.s                                   0x00000000   Number         0  init.o ABSOLUTE
    startup_stm32l471xx.s                    0x00000000   Number         0  startup_stm32l471xx.o ABSOLUTE
    RESET                                    0x08000000   Section      392  startup_stm32l471xx.o(RESET)
    .ARM.Collect$$$$00000000                 0x08000188   Section        0  entry.o(.ARM.Collect$$$$00000000)
    .ARM.Collect$$$$00000001                 0x08000188   Section        4  entry2.o(.ARM.Collect$$$$00000001)
    .ARM.Collect$$$$00000004                 0x0800018c   Section        4  entry5.o(.ARM.Collect$$$$00000004)
    .ARM.Collect$$$$00000008                 0x08000190   Section        0  entry7b.o(.ARM.Collect$$$$00000008)
    .ARM.Collect$$$$0000000A                 0x08000190   Section        0  entry8b.o(.ARM.Collect$$$$0000000A)
    .ARM.Collect$$$$0000000B                 0x08000190   Section        8  entry9a.o(.ARM.Collect$$$$0000000B)
    .ARM.Collect$$$$0000000E                 0x08000198   Section        4  entry12b.o(.ARM.Collect$$$$0000000E)
    .ARM.Collect$$$$0000000F                 0x0800019c   Section        0  entry10a.o(.ARM.Collect$$$$0000000F)
    .ARM.Collect$$$$00000011                 0x0800019c   Section        0  entry11a.o(.ARM.Collect$$$$00000011)
    .ARM.Collect$$$$00002712                 0x0800019c   Section        4  entry2.o(.ARM.Collect$$$$00002712)
    __lit__00000000                          0x0800019c   Data           4  entry2.o(.ARM.Collect$$$$00002712)
    .emb_text                                0x080001a0   Section      190  port.o(.emb_text)
    $v0                                      0x080001a0   Number         0  port.o(.emb_text)
    .text                                    0x08000280   Section       36  startup_stm32l471xx.o(.text)
    $v0                                      0x08000280   Number         0  startup_stm32l471xx.o(.text)
    .text                                    0x080002a4   Section        0  uldiv.o(.text)
    .text                                    0x0800030c   Section        0  memcpya.o(.text)
    .text                                    0x08000330   Section        0  memseta.o(.text)
    .text                                    0x08000354   Section        0  llshl.o(.text)
    .text                                    0x08000372   Section        0  llushr.o(.text)
    .text                                    0x08000394   Section       36  init.o(.text)
    i.BusFault_Handler                       0x080003b8   Section        0  stm32l4xx_it.o(i.BusFault_Handler)
    i.DMA1_Channel5_IRQHandler               0x080003bc   Section        0  stm32l4xx_it.o(i.DMA1_Channel5_IRQHandler)
    i.DebugMon_Handler                       0x080003c8   Section        0  stm32l4xx_it.o(i.DebugMon_Handler)
    i.Error_Handler                          0x080003ca   Section        0  main.o(i.Error_Handler)
    i.HAL_DMA_Abort                          0x080003ce   Section        0  stm32l4xx_hal_dma.o(i.HAL_DMA_Abort)
    i.HAL_DMA_Abort_IT                       0x08000420   Section        0  stm32l4xx_hal_dma.o(i.HAL_DMA_Abort_IT)
    i.HAL_DMA_IRQHandler                     0x08000470   Section        0  stm32l4xx_hal_dma.o(i.HAL_DMA_IRQHandler)
    i.HAL_DMA_Init                           0x0800055c   Section        0  stm32l4xx_hal_dma.o(i.HAL_DMA_Init)
    i.HAL_GPIO_Init                          0x08000640   Section        0  stm32l4xx_hal_gpio.o(i.HAL_GPIO_Init)
    i.HAL_GPIO_WritePin                      0x0800081a   Section        0  stm32l4xx_hal_gpio.o(i.HAL_GPIO_WritePin)
    i.HAL_GetTick                            0x08000828   Section        0  stm32l4xx_hal.o(i.HAL_GetTick)
    i.HAL_IncTick                            0x08000834   Section        0  stm32l4xx_hal.o(i.HAL_IncTick)
    i.HAL_Init                               0x08000844   Section        0  stm32l4xx_hal.o(i.HAL_Init)
    i.HAL_InitTick                           0x08000864   Section        0  stm32l4xx_hal_timebase_tim.o(i.HAL_InitTick)
    i.HAL_MspInit                            0x080008fc   Section        0  stm32l4xx_hal_msp.o(i.HAL_MspInit)
    i.HAL_NVIC_EnableIRQ                     0x08000930   Section        0  stm32l4xx_hal_cortex.o(i.HAL_NVIC_EnableIRQ)
    i.HAL_NVIC_SetPriority                   0x0800094c   Section        0  stm32l4xx_hal_cortex.o(i.HAL_NVIC_SetPriority)
    i.HAL_NVIC_SetPriorityGrouping           0x0800098c   Section        0  stm32l4xx_hal_cortex.o(i.HAL_NVIC_SetPriorityGrouping)
    i.HAL_PWREx_ControlVoltageScaling        0x080009b0   Section        0  stm32l4xx_hal_pwr_ex.o(i.HAL_PWREx_ControlVoltageScaling)
    i.HAL_PWREx_GetVoltageRange              0x08000a1c   Section        0  stm32l4xx_hal_pwr_ex.o(i.HAL_PWREx_GetVoltageRange)
    i.HAL_RCCEx_PeriphCLKConfig              0x08000a2c   Section        0  stm32l4xx_hal_rcc_ex.o(i.HAL_RCCEx_PeriphCLKConfig)
    i.HAL_RCC_ClockConfig                    0x08000db0   Section        0  stm32l4xx_hal_rcc.o(i.HAL_RCC_ClockConfig)
    i.HAL_RCC_GetClockConfig                 0x08000f20   Section        0  stm32l4xx_hal_rcc.o(i.HAL_RCC_GetClockConfig)
    i.HAL_RCC_GetHCLKFreq                    0x08000f5c   Section        0  stm32l4xx_hal_rcc.o(i.HAL_RCC_GetHCLKFreq)
    i.HAL_RCC_GetPCLK1Freq                   0x08000f68   Section        0  stm32l4xx_hal_rcc.o(i.HAL_RCC_GetPCLK1Freq)
    i.HAL_RCC_GetPCLK2Freq                   0x08000f8c   Section        0  stm32l4xx_hal_rcc.o(i.HAL_RCC_GetPCLK2Freq)
    i.HAL_RCC_GetSysClockFreq                0x08000fb0   Section        0  stm32l4xx_hal_rcc.o(i.HAL_RCC_GetSysClockFreq)
    i.HAL_RCC_OscConfig                      0x08001054   Section        0  stm32l4xx_hal_rcc.o(i.HAL_RCC_OscConfig)
    i.HAL_SPI_Init                           0x080015c0   Section        0  stm32l4xx_hal_spi.o(i.HAL_SPI_Init)
    i.HAL_SPI_MspInit                        0x080016a4   Section        0  spi.o(i.HAL_SPI_MspInit)
    i.HAL_TIMEx_Break2Callback               0x0800170c   Section        0  stm32l4xx_hal_tim_ex.o(i.HAL_TIMEx_Break2Callback)
    i.HAL_TIMEx_BreakCallback                0x0800170e   Section        0  stm32l4xx_hal_tim_ex.o(i.HAL_TIMEx_BreakCallback)
    i.HAL_TIMEx_CommutCallback               0x08001710   Section        0  stm32l4xx_hal_tim_ex.o(i.HAL_TIMEx_CommutCallback)
    i.HAL_TIMEx_MasterConfigSynchronization  0x08001714   Section        0  stm32l4xx_hal_tim_ex.o(i.HAL_TIMEx_MasterConfigSynchronization)
    i.HAL_TIM_Base_Init                      0x080017ac   Section        0  stm32l4xx_hal_tim.o(i.HAL_TIM_Base_Init)
    i.HAL_TIM_Base_MspInit                   0x080017fc   Section        0  tim.o(i.HAL_TIM_Base_MspInit)
    i.HAL_TIM_Base_Start_IT                  0x08001838   Section        0  stm32l4xx_hal_tim.o(i.HAL_TIM_Base_Start_IT)
    i.HAL_TIM_IC_CaptureCallback             0x080018c4   Section        0  stm32l4xx_hal_tim.o(i.HAL_TIM_IC_CaptureCallback)
    i.HAL_TIM_IRQHandler                     0x080018c6   Section        0  stm32l4xx_hal_tim.o(i.HAL_TIM_IRQHandler)
    i.HAL_TIM_OC_DelayElapsedCallback        0x08001a18   Section        0  stm32l4xx_hal_tim.o(i.HAL_TIM_OC_DelayElapsedCallback)
    i.HAL_TIM_PWM_PulseFinishedCallback      0x08001a1a   Section        0  stm32l4xx_hal_tim.o(i.HAL_TIM_PWM_PulseFinishedCallback)
    i.HAL_TIM_PeriodElapsedCallback          0x08001a1c   Section        0  main.o(i.HAL_TIM_PeriodElapsedCallback)
    i.HAL_TIM_TriggerCallback                0x08001a30   Section        0  stm32l4xx_hal_tim.o(i.HAL_TIM_TriggerCallback)
    i.HAL_UARTEx_RxEventCallback             0x08001a32   Section        0  stm32l4xx_hal_uart.o(i.HAL_UARTEx_RxEventCallback)
    i.HAL_UARTEx_WakeupCallback              0x08001a34   Section        0  stm32l4xx_hal_uart_ex.o(i.HAL_UARTEx_WakeupCallback)
    i.HAL_UART_ErrorCallback                 0x08001a36   Section        0  stm32l4xx_hal_uart.o(i.HAL_UART_ErrorCallback)
    i.HAL_UART_IRQHandler                    0x08001a38   Section        0  stm32l4xx_hal_uart.o(i.HAL_UART_IRQHandler)
    i.HAL_UART_Init                          0x08001d0c   Section        0  stm32l4xx_hal_uart.o(i.HAL_UART_Init)
    i.HAL_UART_MspInit                       0x08001d78   Section        0  usart.o(i.HAL_UART_MspInit)
    i.HAL_UART_TxCpltCallback                0x08001e38   Section        0  stm32l4xx_hal_uart.o(i.HAL_UART_TxCpltCallback)
    i.HardFault_Handler                      0x08001e3a   Section        0  stm32l4xx_it.o(i.HardFault_Handler)
    i.MX_DMA_Init                            0x08001e3c   Section        0  dma.o(i.MX_DMA_Init)
    i.MX_FREERTOS_Init                       0x08001e68   Section        0  freertos.o(i.MX_FREERTOS_Init)
    i.MX_GPIO_Init                           0x08001e88   Section        0  gpio.o(i.MX_GPIO_Init)
    i.MX_SPI2_Init                           0x08001f4c   Section        0  spi.o(i.MX_SPI2_Init)
    i.MX_TIM6_Init                           0x08001f9c   Section        0  tim.o(i.MX_TIM6_Init)
    i.MX_USART1_UART_Init                    0x08001fe4   Section        0  usart.o(i.MX_USART1_UART_Init)
    i.MemManage_Handler                      0x08002020   Section        0  stm32l4xx_it.o(i.MemManage_Handler)
    i.NMI_Handler                            0x08002022   Section        0  stm32l4xx_it.o(i.NMI_Handler)
    i.RCCEx_PLLSAI1_Config                   0x08002024   Section        0  stm32l4xx_hal_rcc_ex.o(i.RCCEx_PLLSAI1_Config)
    RCCEx_PLLSAI1_Config                     0x08002025   Thumb Code   306  stm32l4xx_hal_rcc_ex.o(i.RCCEx_PLLSAI1_Config)
    i.RCCEx_PLLSAI2_Config                   0x08002168   Section        0  stm32l4xx_hal_rcc_ex.o(i.RCCEx_PLLSAI2_Config)
    RCCEx_PLLSAI2_Config                     0x08002169   Thumb Code   272  stm32l4xx_hal_rcc_ex.o(i.RCCEx_PLLSAI2_Config)
    i.RCC_SetFlashLatencyFromMSIRange        0x08002284   Section        0  stm32l4xx_hal_rcc.o(i.RCC_SetFlashLatencyFromMSIRange)
    RCC_SetFlashLatencyFromMSIRange          0x08002285   Thumb Code   122  stm32l4xx_hal_rcc.o(i.RCC_SetFlashLatencyFromMSIRange)
    i.StartDefaultTask                       0x08002308   Section        0  freertos.o(i.StartDefaultTask)
    i.SysTick_Handler                        0x08002310   Section        0  cmsis_os2.o(i.SysTick_Handler)
    i.SystemClock_Config                     0x0800232a   Section        0  main.o(i.SystemClock_Config)
    i.SystemInit                             0x08002398   Section        0  system_stm32l4xx.o(i.SystemInit)
    i.TIM6_DAC_IRQHandler                    0x080023a8   Section        0  stm32l4xx_it.o(i.TIM6_DAC_IRQHandler)
    i.TIM7_IRQHandler                        0x080023b4   Section        0  stm32l4xx_it.o(i.TIM7_IRQHandler)
    i.TIM_Base_SetConfig                     0x080023c0   Section        0  stm32l4xx_hal_tim.o(i.TIM_Base_SetConfig)
    i.UART_AdvFeatureConfig                  0x0800248e   Section        0  stm32l4xx_hal_uart.o(i.UART_AdvFeatureConfig)
    i.UART_CheckIdleState                    0x08002556   Section        0  stm32l4xx_hal_uart.o(i.UART_CheckIdleState)
    i.UART_DMAAbortOnError                   0x08002600   Section        0  stm32l4xx_hal_uart.o(i.UART_DMAAbortOnError)
    UART_DMAAbortOnError                     0x08002601   Thumb Code    10  stm32l4xx_hal_uart.o(i.UART_DMAAbortOnError)
    i.UART_EndRxTransfer                     0x0800260a   Section        0  stm32l4xx_hal_uart.o(i.UART_EndRxTransfer)
    UART_EndRxTransfer                       0x0800260b   Thumb Code    76  stm32l4xx_hal_uart.o(i.UART_EndRxTransfer)
    i.UART_EndTransmit_IT                    0x08002656   Section        0  stm32l4xx_hal_uart.o(i.UART_EndTransmit_IT)
    UART_EndTransmit_IT                      0x08002657   Thumb Code    34  stm32l4xx_hal_uart.o(i.UART_EndTransmit_IT)
    i.UART_SetConfig                         0x08002678   Section        0  stm32l4xx_hal_uart.o(i.UART_SetConfig)
    i.UART_WaitOnFlagUntilTimeout            0x08002938   Section        0  stm32l4xx_hal_uart.o(i.UART_WaitOnFlagUntilTimeout)
    i.USART1_IRQHandler                      0x080029d0   Section        0  stm32l4xx_it.o(i.USART1_IRQHandler)
    i.UsageFault_Handler                     0x080029dc   Section        0  stm32l4xx_it.o(i.UsageFault_Handler)
    i.__NVIC_SetPriority                     0x080029de   Section        0  stm32l4xx_hal_cortex.o(i.__NVIC_SetPriority)
    __NVIC_SetPriority                       0x080029df   Thumb Code    32  stm32l4xx_hal_cortex.o(i.__NVIC_SetPriority)
    i.__scatterload_copy                     0x080029fe   Section       14  handlers.o(i.__scatterload_copy)
    i.__scatterload_null                     0x08002a0c   Section        2  handlers.o(i.__scatterload_null)
    i.__scatterload_zeroinit                 0x08002a0e   Section       14  handlers.o(i.__scatterload_zeroinit)
    i.main                                   0x08002a1c   Section        0  main.o(i.main)
    i.osDelay                                0x08002a46   Section        0  cmsis_os2.o(i.osDelay)
    i.osKernelInitialize                     0x08002a64   Section        0  cmsis_os2.o(i.osKernelInitialize)
    i.osKernelStart                          0x08002a8c   Section        0  cmsis_os2.o(i.osKernelStart)
    i.osThreadNew                            0x08002ac4   Section        0  cmsis_os2.o(i.osThreadNew)
    i.prvAddCurrentTaskToDelayedList         0x08002b80   Section        0  tasks.o(i.prvAddCurrentTaskToDelayedList)
    prvAddCurrentTaskToDelayedList           0x08002b81   Thumb Code    86  tasks.o(i.prvAddCurrentTaskToDelayedList)
    i.prvAddNewTaskToReadyList               0x08002be0   Section        0  tasks.o(i.prvAddNewTaskToReadyList)
    prvAddNewTaskToReadyList                 0x08002be1   Thumb Code   124  tasks.o(i.prvAddNewTaskToReadyList)
    i.prvCheckForValidListAndQueue           0x08002c68   Section        0  timers.o(i.prvCheckForValidListAndQueue)
    prvCheckForValidListAndQueue             0x08002c69   Thumb Code    72  timers.o(i.prvCheckForValidListAndQueue)
    i.prvCheckTasksWaitingTermination        0x08002cc0   Section        0  tasks.o(i.prvCheckTasksWaitingTermination)
    prvCheckTasksWaitingTermination          0x08002cc1   Thumb Code    52  tasks.o(i.prvCheckTasksWaitingTermination)
    i.prvCopyDataFromQueue                   0x08002cfc   Section        0  queue.o(i.prvCopyDataFromQueue)
    prvCopyDataFromQueue                     0x08002cfd   Thumb Code    40  queue.o(i.prvCopyDataFromQueue)
    i.prvCopyDataToQueue                     0x08002d24   Section        0  queue.o(i.prvCopyDataToQueue)
    prvCopyDataToQueue                       0x08002d25   Thumb Code   110  queue.o(i.prvCopyDataToQueue)
    i.prvDeleteTCB                           0x08002d92   Section        0  tasks.o(i.prvDeleteTCB)
    prvDeleteTCB                             0x08002d93   Thumb Code    64  tasks.o(i.prvDeleteTCB)
    i.prvGetNextExpireTime                   0x08002dd4   Section        0  timers.o(i.prvGetNextExpireTime)
    prvGetNextExpireTime                     0x08002dd5   Thumb Code    30  timers.o(i.prvGetNextExpireTime)
    i.prvHeapInit                            0x08002df8   Section        0  heap_4.o(i.prvHeapInit)
    prvHeapInit                              0x08002df9   Thumb Code    66  heap_4.o(i.prvHeapInit)
    i.prvIdleTask                            0x08002e44   Section        0  tasks.o(i.prvIdleTask)
    prvIdleTask                              0x08002e45   Thumb Code    30  tasks.o(i.prvIdleTask)
    i.prvInitialiseNewQueue                  0x08002e6c   Section        0  queue.o(i.prvInitialiseNewQueue)
    prvInitialiseNewQueue                    0x08002e6d   Thumb Code    34  queue.o(i.prvInitialiseNewQueue)
    i.prvInitialiseNewTask                   0x08002e8e   Section        0  tasks.o(i.prvInitialiseNewTask)
    prvInitialiseNewTask                     0x08002e8f   Thumb Code   168  tasks.o(i.prvInitialiseNewTask)
    i.prvInitialiseTaskLists                 0x08002f3c   Section        0  tasks.o(i.prvInitialiseTaskLists)
    prvInitialiseTaskLists                   0x08002f3d   Thumb Code    74  tasks.o(i.prvInitialiseTaskLists)
    i.prvInsertBlockIntoFreeList             0x08002f94   Section        0  heap_4.o(i.prvInsertBlockIntoFreeList)
    prvInsertBlockIntoFreeList               0x08002f95   Thumb Code    78  heap_4.o(i.prvInsertBlockIntoFreeList)
    i.prvInsertTimerInActiveList             0x08002fe8   Section        0  timers.o(i.prvInsertTimerInActiveList)
    prvInsertTimerInActiveList               0x08002fe9   Thumb Code    60  timers.o(i.prvInsertTimerInActiveList)
    i.prvIsQueueEmpty                        0x08003028   Section        0  queue.o(i.prvIsQueueEmpty)
    prvIsQueueEmpty                          0x08003029   Thumb Code    26  queue.o(i.prvIsQueueEmpty)
    i.prvIsQueueFull                         0x08003042   Section        0  queue.o(i.prvIsQueueFull)
    prvIsQueueFull                           0x08003043   Thumb Code    30  queue.o(i.prvIsQueueFull)
    i.prvProcessExpiredTimer                 0x08003060   Section        0  timers.o(i.prvProcessExpiredTimer)
    prvProcessExpiredTimer                   0x08003061   Thumb Code    98  timers.o(i.prvProcessExpiredTimer)
    i.prvProcessReceivedCommands             0x080030c8   Section        0  timers.o(i.prvProcessReceivedCommands)
    prvProcessReceivedCommands               0x080030c9   Thumb Code   248  timers.o(i.prvProcessReceivedCommands)
    i.prvProcessTimerOrBlockTask             0x080031c4   Section        0  timers.o(i.prvProcessTimerOrBlockTask)
    prvProcessTimerOrBlockTask               0x080031c5   Thumb Code   100  timers.o(i.prvProcessTimerOrBlockTask)
    i.prvResetNextTaskUnblockTime            0x08003230   Section        0  tasks.o(i.prvResetNextTaskUnblockTime)
    prvResetNextTaskUnblockTime              0x08003231   Thumb Code    30  tasks.o(i.prvResetNextTaskUnblockTime)
    i.prvSampleTimeNow                       0x08003254   Section        0  timers.o(i.prvSampleTimeNow)
    prvSampleTimeNow                         0x08003255   Thumb Code    38  timers.o(i.prvSampleTimeNow)
    i.prvSwitchTimerLists                    0x08003280   Section        0  timers.o(i.prvSwitchTimerLists)
    prvSwitchTimerLists                      0x08003281   Thumb Code   106  timers.o(i.prvSwitchTimerLists)
    i.prvTaskExitError                       0x080032f0   Section        0  port.o(i.prvTaskExitError)
    prvTaskExitError                         0x080032f1   Thumb Code    40  port.o(i.prvTaskExitError)
    i.prvTimerTask                           0x0800331c   Section        0  timers.o(i.prvTimerTask)
    prvTimerTask                             0x0800331d   Thumb Code    20  timers.o(i.prvTimerTask)
    i.prvUnlockQueue                         0x08003330   Section        0  queue.o(i.prvUnlockQueue)
    prvUnlockQueue                           0x08003331   Thumb Code   106  queue.o(i.prvUnlockQueue)
    i.pvPortMalloc                           0x0800339c   Section        0  heap_4.o(i.pvPortMalloc)
    i.pxPortInitialiseStack                  0x08003478   Section        0  port.o(i.pxPortInitialiseStack)
    i.uxListRemove                           0x0800349c   Section        0  list.o(i.uxListRemove)
    i.vApplicationGetIdleTaskMemory          0x080034c4   Section        0  cmsis_os2.o(i.vApplicationGetIdleTaskMemory)
    i.vApplicationGetTimerTaskMemory         0x080034d8   Section        0  cmsis_os2.o(i.vApplicationGetTimerTaskMemory)
    i.vListInitialise                        0x080034ec   Section        0  list.o(i.vListInitialise)
    i.vListInitialiseItem                    0x08003502   Section        0  list.o(i.vListInitialiseItem)
    i.vListInsert                            0x08003508   Section        0  list.o(i.vListInsert)
    i.vListInsertEnd                         0x08003538   Section        0  list.o(i.vListInsertEnd)
    i.vPortEnterCritical                     0x08003550   Section        0  port.o(i.vPortEnterCritical)
    i.vPortExitCritical                      0x08003590   Section        0  port.o(i.vPortExitCritical)
    i.vPortFree                              0x080035bc   Section        0  heap_4.o(i.vPortFree)
    i.vPortSetupTimerInterrupt               0x08003620   Section        0  port.o(i.vPortSetupTimerInterrupt)
    i.vPortValidateInterruptPriority         0x08003644   Section        0  port.o(i.vPortValidateInterruptPriority)
    i.vQueueAddToRegistry                    0x08003698   Section        0  queue.o(i.vQueueAddToRegistry)
    i.vQueueWaitForMessageRestricted         0x080036bc   Section        0  queue.o(i.vQueueWaitForMessageRestricted)
    i.vTaskDelay                             0x08003704   Section        0  tasks.o(i.vTaskDelay)
    i.vTaskInternalSetTimeOutState           0x08003754   Section        0  tasks.o(i.vTaskInternalSetTimeOutState)
    i.vTaskMissedYield                       0x08003764   Section        0  tasks.o(i.vTaskMissedYield)
    i.vTaskPlaceOnEventList                  0x08003770   Section        0  tasks.o(i.vTaskPlaceOnEventList)
    i.vTaskPlaceOnEventListRestricted        0x080037a4   Section        0  tasks.o(i.vTaskPlaceOnEventListRestricted)
    i.vTaskStartScheduler                    0x080037e0   Section        0  tasks.o(i.vTaskStartScheduler)
    i.vTaskSuspendAll                        0x08003870   Section        0  tasks.o(i.vTaskSuspendAll)
    i.vTaskSwitchContext                     0x08003880   Section        0  tasks.o(i.vTaskSwitchContext)
    i.xPortStartScheduler                    0x080038e8   Section        0  port.o(i.xPortStartScheduler)
    i.xPortSysTickHandler                    0x080039dc   Section        0  port.o(i.xPortSysTickHandler)
    i.xQueueGenericCreateStatic              0x08003a08   Section        0  queue.o(i.xQueueGenericCreateStatic)
    i.xQueueGenericReset                     0x08003a74   Section        0  queue.o(i.xQueueGenericReset)
    i.xQueueGenericSend                      0x08003b00   Section        0  queue.o(i.xQueueGenericSend)
    i.xQueueGenericSendFromISR               0x08003c64   Section        0  queue.o(i.xQueueGenericSendFromISR)
    i.xQueueReceive                          0x08003d24   Section        0  queue.o(i.xQueueReceive)
    i.xTaskCheckForTimeOut                   0x08003e60   Section        0  tasks.o(i.xTaskCheckForTimeOut)
    i.xTaskCreate                            0x08003edc   Section        0  tasks.o(i.xTaskCreate)
    i.xTaskCreateStatic                      0x08003f46   Section        0  tasks.o(i.xTaskCreateStatic)
    i.xTaskGetSchedulerState                 0x08003fa4   Section        0  tasks.o(i.xTaskGetSchedulerState)
    i.xTaskGetTickCount                      0x08003fc0   Section        0  tasks.o(i.xTaskGetTickCount)
    i.xTaskIncrementTick                     0x08003fcc   Section        0  tasks.o(i.xTaskIncrementTick)
    i.xTaskPriorityDisinherit                0x08004098   Section        0  tasks.o(i.xTaskPriorityDisinherit)
    i.xTaskRemoveFromEventList               0x08004114   Section        0  tasks.o(i.xTaskRemoveFromEventList)
    i.xTaskResumeAll                         0x0800418c   Section        0  tasks.o(i.xTaskResumeAll)
    i.xTimerCreateTimerTask                  0x08004254   Section        0  timers.o(i.xTimerCreateTimerTask)
    i.xTimerGenericCommand                   0x080042bc   Section        0  timers.o(i.xTimerGenericCommand)
    .constdata                               0x08004328   Section       36  freertos.o(.constdata)
    .constdata                               0x0800434c   Section       64  system_stm32l4xx.o(.constdata)
    .constdata                               0x0800438c   Section        8  system_stm32l4xx.o(.constdata)
    .conststring                             0x08004394   Section       12  freertos.o(.conststring)
    .data                                    0x20000000   Section        4  freertos.o(.data)
    .data                                    0x20000004   Section       12  stm32l4xx_hal.o(.data)
    .data                                    0x20000010   Section        4  system_stm32l4xx.o(.data)
    .data                                    0x20000014   Section       60  tasks.o(.data)
    uxDeletedTasksWaitingCleanUp             0x20000018   Data           4  tasks.o(.data)
    uxCurrentNumberOfTasks                   0x2000001c   Data           4  tasks.o(.data)
    xTickCount                               0x20000020   Data           4  tasks.o(.data)
    uxTopReadyPriority                       0x20000024   Data           4  tasks.o(.data)
    xSchedulerRunning                        0x20000028   Data           4  tasks.o(.data)
    xPendedTicks                             0x2000002c   Data           4  tasks.o(.data)
    xYieldPending                            0x20000030   Data           4  tasks.o(.data)
    xNumOfOverflows                          0x20000034   Data           4  tasks.o(.data)
    uxTaskNumber                             0x20000038   Data           4  tasks.o(.data)
    xNextTaskUnblockTime                     0x2000003c   Data           4  tasks.o(.data)
    xIdleTaskHandle                          0x20000040   Data           4  tasks.o(.data)
    uxSchedulerSuspended                     0x20000044   Data           4  tasks.o(.data)
    pxDelayedTaskList                        0x20000048   Data           4  tasks.o(.data)
    pxOverflowDelayedTaskList                0x2000004c   Data           4  tasks.o(.data)
    .data                                    0x20000050   Section       20  timers.o(.data)
    xTimerQueue                              0x20000050   Data           4  timers.o(.data)
    xTimerTaskHandle                         0x20000054   Data           4  timers.o(.data)
    xLastTime                                0x20000058   Data           4  timers.o(.data)
    pxCurrentTimerList                       0x2000005c   Data           4  timers.o(.data)
    pxOverflowTimerList                      0x20000060   Data           4  timers.o(.data)
    .data                                    0x20000064   Section        4  cmsis_os2.o(.data)
    KernelState                              0x20000064   Data           4  cmsis_os2.o(.data)
    .data                                    0x20000068   Section       32  heap_4.o(.data)
    pxEnd                                    0x20000068   Data           4  heap_4.o(.data)
    xFreeBytesRemaining                      0x2000006c   Data           4  heap_4.o(.data)
    xMinimumEverFreeBytesRemaining           0x20000070   Data           4  heap_4.o(.data)
    xNumberOfSuccessfulAllocations           0x20000074   Data           4  heap_4.o(.data)
    xNumberOfSuccessfulFrees                 0x20000078   Data           4  heap_4.o(.data)
    xBlockAllocatedBit                       0x2000007c   Data           4  heap_4.o(.data)
    xStart                                   0x20000080   Data           8  heap_4.o(.data)
    .data                                    0x20000088   Section       12  port.o(.data)
    ucMaxSysCallPriority                     0x20000088   Data           1  port.o(.data)
    uxCriticalNesting                        0x2000008c   Data           4  port.o(.data)
    ulMaxPRIGROUPValue                       0x20000090   Data           4  port.o(.data)
    .bss                                     0x20000094   Section      100  spi.o(.bss)
    .bss                                     0x200000f8   Section       76  tim.o(.bss)
    .bss                                     0x20000144   Section      208  usart.o(.bss)
    .bss                                     0x20000214   Section       76  stm32l4xx_hal_timebase_tim.o(.bss)
    .bss                                     0x20000260   Section       64  queue.o(.bss)
    .bss                                     0x200002a0   Section     1220  tasks.o(.bss)
    pxReadyTasksLists                        0x200002a0   Data        1120  tasks.o(.bss)
    xDelayedTaskList1                        0x20000700   Data          20  tasks.o(.bss)
    xDelayedTaskList2                        0x20000714   Data          20  tasks.o(.bss)
    xPendingReadyList                        0x20000728   Data          20  tasks.o(.bss)
    xTasksWaitingTermination                 0x2000073c   Data          20  tasks.o(.bss)
    xSuspendedTaskList                       0x20000750   Data          20  tasks.o(.bss)
    .bss                                     0x20000764   Section      280  timers.o(.bss)
    xStaticTimerQueue                        0x20000764   Data          80  timers.o(.bss)
    ucStaticTimerQueueStorage                0x200007b4   Data         160  timers.o(.bss)
    xActiveTimerList1                        0x20000854   Data          20  timers.o(.bss)
    xActiveTimerList2                        0x20000868   Data          20  timers.o(.bss)
    .bss                                     0x2000087c   Section     1708  cmsis_os2.o(.bss)
    Idle_TCB                                 0x2000087c   Data          92  cmsis_os2.o(.bss)
    Idle_Stack                               0x200008d8   Data         508  cmsis_os2.o(.bss)
    Timer_TCB                                0x20000ad4   Data          92  cmsis_os2.o(.bss)
    Timer_Stack                              0x20000b30   Data        1016  cmsis_os2.o(.bss)
    .bss                                     0x20000f28   Section    30000  heap_4.o(.bss)
    ucHeap                                   0x20000f28   Data       30000  heap_4.o(.bss)
    STACK                                    0x20008458   Section     2048  startup_stm32l471xx.o(STACK)

    Global Symbols

    Symbol Name                              Value     Ov Type        Size  Object(Section)

    BuildAttributes$$THM_ISAv4$E$P$D$K$B$S$7EM$VFPi3$EXTD16$VFPS$VFMA$PE$A:L22UL41UL21$X:L11$S22US41US21$IEEE1$IW$USESV6$~STKCKD$USESV7$~SHL$OSPACE$EBA8$MICROLIB$REQ8$PRES8$EABIv2 0x00000000   Number         0  anon$$obj.o ABSOLUTE
    __ARM_use_no_argv                        0x00000000   Number         0  main.o ABSOLUTE
    __arm_fini_                               - Undefined Weak Reference
    __cpp_initialize__aeabi_                  - Undefined Weak Reference
    __cxa_finalize                            - Undefined Weak Reference
    __decompress                              - Undefined Weak Reference
    _clock_init                               - Undefined Weak Reference
    _microlib_exit                            - Undefined Weak Reference
    __Vectors_Size                           0x00000188   Number         0  startup_stm32l471xx.o ABSOLUTE
    __Vectors                                0x08000000   Data           4  startup_stm32l471xx.o(RESET)
    __Vectors_End                            0x08000188   Data           0  startup_stm32l471xx.o(RESET)
    __main                                   0x08000189   Thumb Code     0  entry.o(.ARM.Collect$$$$00000000)
    _main_stk                                0x08000189   Thumb Code     0  entry2.o(.ARM.Collect$$$$00000001)
    _main_scatterload                        0x0800018d   Thumb Code     0  entry5.o(.ARM.Collect$$$$00000004)
    __main_after_scatterload                 0x08000191   Thumb Code     0  entry5.o(.ARM.Collect$$$$00000004)
    _main_clock                              0x08000191   Thumb Code     0  entry7b.o(.ARM.Collect$$$$00000008)
    _main_cpp_init                           0x08000191   Thumb Code     0  entry8b.o(.ARM.Collect$$$$0000000A)
    _main_init                               0x08000191   Thumb Code     0  entry9a.o(.ARM.Collect$$$$0000000B)
    __rt_lib_shutdown_fini                   0x08000199   Thumb Code     0  entry12b.o(.ARM.Collect$$$$0000000E)
    __rt_final_cpp                           0x0800019d   Thumb Code     0  entry10a.o(.ARM.Collect$$$$0000000F)
    __rt_final_exit                          0x0800019d   Thumb Code     0  entry11a.o(.ARM.Collect$$$$00000011)
    SVC_Handler                              0x080001a1   Thumb Code    28  port.o(.emb_text)
    __asm___6_port_c_39a90d8d__prvStartFirstTask 0x080001c1   Thumb Code    36  port.o(.emb_text)
    __asm___6_port_c_39a90d8d__prvEnableVFP  0x080001e9   Thumb Code    16  port.o(.emb_text)
    PendSV_Handler                           0x080001fd   Thumb Code    88  port.o(.emb_text)
    vPortGetIPSR                             0x08000259   Thumb Code     6  port.o(.emb_text)
    Reset_Handler                            0x08000281   Thumb Code     8  startup_stm32l471xx.o(.text)
    ADC1_2_IRQHandler                        0x0800029b   Thumb Code     0  startup_stm32l471xx.o(.text)
    ADC3_IRQHandler                          0x0800029b   Thumb Code     0  startup_stm32l471xx.o(.text)
    CAN1_RX0_IRQHandler                      0x0800029b   Thumb Code     0  startup_stm32l471xx.o(.text)
    CAN1_RX1_IRQHandler                      0x0800029b   Thumb Code     0  startup_stm32l471xx.o(.text)
    CAN1_SCE_IRQHandler                      0x0800029b   Thumb Code     0  startup_stm32l471xx.o(.text)
    CAN1_TX_IRQHandler                       0x0800029b   Thumb Code     0  startup_stm32l471xx.o(.text)
    COMP_IRQHandler                          0x0800029b   Thumb Code     0  startup_stm32l471xx.o(.text)
    DFSDM1_FLT0_IRQHandler                   0x0800029b   Thumb Code     0  startup_stm32l471xx.o(.text)
    DFSDM1_FLT1_IRQHandler                   0x0800029b   Thumb Code     0  startup_stm32l471xx.o(.text)
    DFSDM1_FLT2_IRQHandler                   0x0800029b   Thumb Code     0  startup_stm32l471xx.o(.text)
    DFSDM1_FLT3_IRQHandler                   0x0800029b   Thumb Code     0  startup_stm32l471xx.o(.text)
    DMA1_Channel1_IRQHandler                 0x0800029b   Thumb Code     0  startup_stm32l471xx.o(.text)
    DMA1_Channel2_IRQHandler                 0x0800029b   Thumb Code     0  startup_stm32l471xx.o(.text)
    DMA1_Channel3_IRQHandler                 0x0800029b   Thumb Code     0  startup_stm32l471xx.o(.text)
    DMA1_Channel4_IRQHandler                 0x0800029b   Thumb Code     0  startup_stm32l471xx.o(.text)
    DMA1_Channel6_IRQHandler                 0x0800029b   Thumb Code     0  startup_stm32l471xx.o(.text)
    DMA1_Channel7_IRQHandler                 0x0800029b   Thumb Code     0  startup_stm32l471xx.o(.text)
    DMA2_Channel1_IRQHandler                 0x0800029b   Thumb Code     0  startup_stm32l471xx.o(.text)
    DMA2_Channel2_IRQHandler                 0x0800029b   Thumb Code     0  startup_stm32l471xx.o(.text)
    DMA2_Channel3_IRQHandler                 0x0800029b   Thumb Code     0  startup_stm32l471xx.o(.text)
    DMA2_Channel4_IRQHandler                 0x0800029b   Thumb Code     0  startup_stm32l471xx.o(.text)
    DMA2_Channel5_IRQHandler                 0x0800029b   Thumb Code     0  startup_stm32l471xx.o(.text)
    DMA2_Channel6_IRQHandler                 0x0800029b   Thumb Code     0  startup_stm32l471xx.o(.text)
    DMA2_Channel7_IRQHandler                 0x0800029b   Thumb Code     0  startup_stm32l471xx.o(.text)
    EXTI0_IRQHandler                         0x0800029b   Thumb Code     0  startup_stm32l471xx.o(.text)
    EXTI15_10_IRQHandler                     0x0800029b   Thumb Code     0  startup_stm32l471xx.o(.text)
    EXTI1_IRQHandler                         0x0800029b   Thumb Code     0  startup_stm32l471xx.o(.text)
    EXTI2_IRQHandler                         0x0800029b   Thumb Code     0  startup_stm32l471xx.o(.text)
    EXTI3_IRQHandler                         0x0800029b   Thumb Code     0  startup_stm32l471xx.o(.text)
    EXTI4_IRQHandler                         0x0800029b   Thumb Code     0  startup_stm32l471xx.o(.text)
    EXTI9_5_IRQHandler                       0x0800029b   Thumb Code     0  startup_stm32l471xx.o(.text)
    FLASH_IRQHandler                         0x0800029b   Thumb Code     0  startup_stm32l471xx.o(.text)
    FMC_IRQHandler                           0x0800029b   Thumb Code     0  startup_stm32l471xx.o(.text)
    FPU_IRQHandler                           0x0800029b   Thumb Code     0  startup_stm32l471xx.o(.text)
    I2C1_ER_IRQHandler                       0x0800029b   Thumb Code     0  startup_stm32l471xx.o(.text)
    I2C1_EV_IRQHandler                       0x0800029b   Thumb Code     0  startup_stm32l471xx.o(.text)
    I2C2_ER_IRQHandler                       0x0800029b   Thumb Code     0  startup_stm32l471xx.o(.text)
    I2C2_EV_IRQHandler                       0x0800029b   Thumb Code     0  startup_stm32l471xx.o(.text)
    I2C3_ER_IRQHandler                       0x0800029b   Thumb Code     0  startup_stm32l471xx.o(.text)
    I2C3_EV_IRQHandler                       0x0800029b   Thumb Code     0  startup_stm32l471xx.o(.text)
    LPTIM1_IRQHandler                        0x0800029b   Thumb Code     0  startup_stm32l471xx.o(.text)
    LPTIM2_IRQHandler                        0x0800029b   Thumb Code     0  startup_stm32l471xx.o(.text)
    LPUART1_IRQHandler                       0x0800029b   Thumb Code     0  startup_stm32l471xx.o(.text)
    PVD_PVM_IRQHandler                       0x0800029b   Thumb Code     0  startup_stm32l471xx.o(.text)
    QUADSPI_IRQHandler                       0x0800029b   Thumb Code     0  startup_stm32l471xx.o(.text)
    RCC_IRQHandler                           0x0800029b   Thumb Code     0  startup_stm32l471xx.o(.text)
    RNG_IRQHandler                           0x0800029b   Thumb Code     0  startup_stm32l471xx.o(.text)
    RTC_Alarm_IRQHandler                     0x0800029b   Thumb Code     0  startup_stm32l471xx.o(.text)
    RTC_WKUP_IRQHandler                      0x0800029b   Thumb Code     0  startup_stm32l471xx.o(.text)
    SAI1_IRQHandler                          0x0800029b   Thumb Code     0  startup_stm32l471xx.o(.text)
    SAI2_IRQHandler                          0x0800029b   Thumb Code     0  startup_stm32l471xx.o(.text)
    SDMMC1_IRQHandler                        0x0800029b   Thumb Code     0  startup_stm32l471xx.o(.text)
    SPI1_IRQHandler                          0x0800029b   Thumb Code     0  startup_stm32l471xx.o(.text)
    SPI2_IRQHandler                          0x0800029b   Thumb Code     0  startup_stm32l471xx.o(.text)
    SPI3_IRQHandler                          0x0800029b   Thumb Code     0  startup_stm32l471xx.o(.text)
    SWPMI1_IRQHandler                        0x0800029b   Thumb Code     0  startup_stm32l471xx.o(.text)
    TAMP_STAMP_IRQHandler                    0x0800029b   Thumb Code     0  startup_stm32l471xx.o(.text)
    TIM1_BRK_TIM15_IRQHandler                0x0800029b   Thumb Code     0  startup_stm32l471xx.o(.text)
    TIM1_CC_IRQHandler                       0x0800029b   Thumb Code     0  startup_stm32l471xx.o(.text)
    TIM1_TRG_COM_TIM17_IRQHandler            0x0800029b   Thumb Code     0  startup_stm32l471xx.o(.text)
    TIM1_UP_TIM16_IRQHandler                 0x0800029b   Thumb Code     0  startup_stm32l471xx.o(.text)
    TIM2_IRQHandler                          0x0800029b   Thumb Code     0  startup_stm32l471xx.o(.text)
    TIM3_IRQHandler                          0x0800029b   Thumb Code     0  startup_stm32l471xx.o(.text)
    TIM4_IRQHandler                          0x0800029b   Thumb Code     0  startup_stm32l471xx.o(.text)
    TIM5_IRQHandler                          0x0800029b   Thumb Code     0  startup_stm32l471xx.o(.text)
    TIM8_BRK_IRQHandler                      0x0800029b   Thumb Code     0  startup_stm32l471xx.o(.text)
    TIM8_CC_IRQHandler                       0x0800029b   Thumb Code     0  startup_stm32l471xx.o(.text)
    TIM8_TRG_COM_IRQHandler                  0x0800029b   Thumb Code     0  startup_stm32l471xx.o(.text)
    TIM8_UP_IRQHandler                       0x0800029b   Thumb Code     0  startup_stm32l471xx.o(.text)
    TSC_IRQHandler                           0x0800029b   Thumb Code     0  startup_stm32l471xx.o(.text)
    UART4_IRQHandler                         0x0800029b   Thumb Code     0  startup_stm32l471xx.o(.text)
    UART5_IRQHandler                         0x0800029b   Thumb Code     0  startup_stm32l471xx.o(.text)
    USART2_IRQHandler                        0x0800029b   Thumb Code     0  startup_stm32l471xx.o(.text)
    USART3_IRQHandler                        0x0800029b   Thumb Code     0  startup_stm32l471xx.o(.text)
    WWDG_IRQHandler                          0x0800029b   Thumb Code     0  startup_stm32l471xx.o(.text)
    __aeabi_uldivmod                         0x080002a5   Thumb Code    98  uldiv.o(.text)
    __aeabi_memcpy                           0x0800030d   Thumb Code    36  memcpya.o(.text)
    __aeabi_memcpy4                          0x0800030d   Thumb Code     0  memcpya.o(.text)
    __aeabi_memcpy8                          0x0800030d   Thumb Code     0  memcpya.o(.text)
    __aeabi_memset                           0x08000331   Thumb Code    14  memseta.o(.text)
    __aeabi_memset4                          0x08000331   Thumb Code     0  memseta.o(.text)
    __aeabi_memset8                          0x08000331   Thumb Code     0  memseta.o(.text)
    __aeabi_memclr                           0x0800033f   Thumb Code     4  memseta.o(.text)
    __aeabi_memclr4                          0x0800033f   Thumb Code     0  memseta.o(.text)
    __aeabi_memclr8                          0x0800033f   Thumb Code     0  memseta.o(.text)
    memset                                   0x08000343   Thumb Code    18  memseta.o(.text)
    __aeabi_llsl                             0x08000355   Thumb Code    30  llshl.o(.text)
    _ll_shift_l                              0x08000355   Thumb Code     0  llshl.o(.text)
    __aeabi_llsr                             0x08000373   Thumb Code    32  llushr.o(.text)
    _ll_ushift_r                             0x08000373   Thumb Code     0  llushr.o(.text)
    __scatterload                            0x08000395   Thumb Code    28  init.o(.text)
    __scatterload_rt2                        0x08000395   Thumb Code     0  init.o(.text)
    BusFault_Handler                         0x080003b9   Thumb Code     2  stm32l4xx_it.o(i.BusFault_Handler)
    DMA1_Channel5_IRQHandler                 0x080003bd   Thumb Code     6  stm32l4xx_it.o(i.DMA1_Channel5_IRQHandler)
    DebugMon_Handler                         0x080003c9   Thumb Code     2  stm32l4xx_it.o(i.DebugMon_Handler)
    Error_Handler                            0x080003cb   Thumb Code     4  main.o(i.Error_Handler)
    HAL_DMA_Abort                            0x080003cf   Thumb Code    82  stm32l4xx_hal_dma.o(i.HAL_DMA_Abort)
    HAL_DMA_Abort_IT                         0x08000421   Thumb Code    78  stm32l4xx_hal_dma.o(i.HAL_DMA_Abort_IT)
    HAL_DMA_IRQHandler                       0x08000471   Thumb Code   226  stm32l4xx_hal_dma.o(i.HAL_DMA_IRQHandler)
    HAL_DMA_Init                             0x0800055d   Thumb Code   216  stm32l4xx_hal_dma.o(i.HAL_DMA_Init)
    HAL_GPIO_Init                            0x08000641   Thumb Code   432  stm32l4xx_hal_gpio.o(i.HAL_GPIO_Init)
    HAL_GPIO_WritePin                        0x0800081b   Thumb Code    12  stm32l4xx_hal_gpio.o(i.HAL_GPIO_WritePin)
    HAL_GetTick                              0x08000829   Thumb Code     6  stm32l4xx_hal.o(i.HAL_GetTick)
    HAL_IncTick                              0x08000835   Thumb Code    12  stm32l4xx_hal.o(i.HAL_IncTick)
    HAL_Init                                 0x08000845   Thumb Code    30  stm32l4xx_hal.o(i.HAL_Init)
    HAL_InitTick                             0x08000865   Thumb Code   132  stm32l4xx_hal_timebase_tim.o(i.HAL_InitTick)
    HAL_MspInit                              0x080008fd   Thumb Code    48  stm32l4xx_hal_msp.o(i.HAL_MspInit)
    HAL_NVIC_EnableIRQ                       0x08000931   Thumb Code    26  stm32l4xx_hal_cortex.o(i.HAL_NVIC_EnableIRQ)
    HAL_NVIC_SetPriority                     0x0800094d   Thumb Code    60  stm32l4xx_hal_cortex.o(i.HAL_NVIC_SetPriority)
    HAL_NVIC_SetPriorityGrouping             0x0800098d   Thumb Code    26  stm32l4xx_hal_cortex.o(i.HAL_NVIC_SetPriorityGrouping)
    HAL_PWREx_ControlVoltageScaling          0x080009b1   Thumb Code    96  stm32l4xx_hal_pwr_ex.o(i.HAL_PWREx_ControlVoltageScaling)
    HAL_PWREx_GetVoltageRange                0x08000a1d   Thumb Code    10  stm32l4xx_hal_pwr_ex.o(i.HAL_PWREx_GetVoltageRange)
    HAL_RCCEx_PeriphCLKConfig                0x08000a2d   Thumb Code   882  stm32l4xx_hal_rcc_ex.o(i.HAL_RCCEx_PeriphCLKConfig)
    HAL_RCC_ClockConfig                      0x08000db1   Thumb Code   346  stm32l4xx_hal_rcc.o(i.HAL_RCC_ClockConfig)
    HAL_RCC_GetClockConfig                   0x08000f21   Thumb Code    52  stm32l4xx_hal_rcc.o(i.HAL_RCC_GetClockConfig)
    HAL_RCC_GetHCLKFreq                      0x08000f5d   Thumb Code     6  stm32l4xx_hal_rcc.o(i.HAL_RCC_GetHCLKFreq)
    HAL_RCC_GetPCLK1Freq                     0x08000f69   Thumb Code    26  stm32l4xx_hal_rcc.o(i.HAL_RCC_GetPCLK1Freq)
    HAL_RCC_GetPCLK2Freq                     0x08000f8d   Thumb Code    26  stm32l4xx_hal_rcc.o(i.HAL_RCC_GetPCLK2Freq)
    HAL_RCC_GetSysClockFreq                  0x08000fb1   Thumb Code   150  stm32l4xx_hal_rcc.o(i.HAL_RCC_GetSysClockFreq)
    HAL_RCC_OscConfig                        0x08001055   Thumb Code  1380  stm32l4xx_hal_rcc.o(i.HAL_RCC_OscConfig)
    HAL_SPI_Init                             0x080015c1   Thumb Code   226  stm32l4xx_hal_spi.o(i.HAL_SPI_Init)
    HAL_SPI_MspInit                          0x080016a5   Thumb Code    90  spi.o(i.HAL_SPI_MspInit)
    HAL_TIMEx_Break2Callback                 0x0800170d   Thumb Code     2  stm32l4xx_hal_tim_ex.o(i.HAL_TIMEx_Break2Callback)
    HAL_TIMEx_BreakCallback                  0x0800170f   Thumb Code     2  stm32l4xx_hal_tim_ex.o(i.HAL_TIMEx_BreakCallback)
    HAL_TIMEx_CommutCallback                 0x08001711   Thumb Code     2  stm32l4xx_hal_tim_ex.o(i.HAL_TIMEx_CommutCallback)
    HAL_TIMEx_MasterConfigSynchronization    0x08001715   Thumb Code   126  stm32l4xx_hal_tim_ex.o(i.HAL_TIMEx_MasterConfigSynchronization)
    HAL_TIM_Base_Init                        0x080017ad   Thumb Code    78  stm32l4xx_hal_tim.o(i.HAL_TIM_Base_Init)
    HAL_TIM_Base_MspInit                     0x080017fd   Thumb Code    50  tim.o(i.HAL_TIM_Base_MspInit)
    HAL_TIM_Base_Start_IT                    0x08001839   Thumb Code   110  stm32l4xx_hal_tim.o(i.HAL_TIM_Base_Start_IT)
    HAL_TIM_IC_CaptureCallback               0x080018c5   Thumb Code     2  stm32l4xx_hal_tim.o(i.HAL_TIM_IC_CaptureCallback)
    HAL_TIM_IRQHandler                       0x080018c7   Thumb Code   338  stm32l4xx_hal_tim.o(i.HAL_TIM_IRQHandler)
    HAL_TIM_OC_DelayElapsedCallback          0x08001a19   Thumb Code     2  stm32l4xx_hal_tim.o(i.HAL_TIM_OC_DelayElapsedCallback)
    HAL_TIM_PWM_PulseFinishedCallback        0x08001a1b   Thumb Code     2  stm32l4xx_hal_tim.o(i.HAL_TIM_PWM_PulseFinishedCallback)
    HAL_TIM_PeriodElapsedCallback            0x08001a1d   Thumb Code    14  main.o(i.HAL_TIM_PeriodElapsedCallback)
    HAL_TIM_TriggerCallback                  0x08001a31   Thumb Code     2  stm32l4xx_hal_tim.o(i.HAL_TIM_TriggerCallback)
    HAL_UARTEx_RxEventCallback               0x08001a33   Thumb Code     2  stm32l4xx_hal_uart.o(i.HAL_UARTEx_RxEventCallback)
    HAL_UARTEx_WakeupCallback                0x08001a35   Thumb Code     2  stm32l4xx_hal_uart_ex.o(i.HAL_UARTEx_WakeupCallback)
    HAL_UART_ErrorCallback                   0x08001a37   Thumb Code     2  stm32l4xx_hal_uart.o(i.HAL_UART_ErrorCallback)
    HAL_UART_IRQHandler                      0x08001a39   Thumb Code   716  stm32l4xx_hal_uart.o(i.HAL_UART_IRQHandler)
    HAL_UART_Init                            0x08001d0d   Thumb Code   108  stm32l4xx_hal_uart.o(i.HAL_UART_Init)
    HAL_UART_MspInit                         0x08001d79   Thumb Code   176  usart.o(i.HAL_UART_MspInit)
    HAL_UART_TxCpltCallback                  0x08001e39   Thumb Code     2  stm32l4xx_hal_uart.o(i.HAL_UART_TxCpltCallback)
    HardFault_Handler                        0x08001e3b   Thumb Code     2  stm32l4xx_it.o(i.HardFault_Handler)
    MX_DMA_Init                              0x08001e3d   Thumb Code    40  dma.o(i.MX_DMA_Init)
    MX_FREERTOS_Init                         0x08001e69   Thumb Code    18  freertos.o(i.MX_FREERTOS_Init)
    MX_GPIO_Init                             0x08001e89   Thumb Code   180  gpio.o(i.MX_GPIO_Init)
    MX_SPI2_Init                             0x08001f4d   Thumb Code    70  spi.o(i.MX_SPI2_Init)
    MX_TIM6_Init                             0x08001f9d   Thumb Code    64  tim.o(i.MX_TIM6_Init)
    MX_USART1_UART_Init                      0x08001fe5   Thumb Code    52  usart.o(i.MX_USART1_UART_Init)
    MemManage_Handler                        0x08002021   Thumb Code     2  stm32l4xx_it.o(i.MemManage_Handler)
    NMI_Handler                              0x08002023   Thumb Code     2  stm32l4xx_it.o(i.NMI_Handler)
    StartDefaultTask                         0x08002309   Thumb Code     8  freertos.o(i.StartDefaultTask)
    SysTick_Handler                          0x08002311   Thumb Code    26  cmsis_os2.o(i.SysTick_Handler)
    SystemClock_Config                       0x0800232b   Thumb Code   110  main.o(i.SystemClock_Config)
    SystemInit                               0x08002399   Thumb Code    12  system_stm32l4xx.o(i.SystemInit)
    TIM6_DAC_IRQHandler                      0x080023a9   Thumb Code     6  stm32l4xx_it.o(i.TIM6_DAC_IRQHandler)
    TIM7_IRQHandler                          0x080023b5   Thumb Code     6  stm32l4xx_it.o(i.TIM7_IRQHandler)
    TIM_Base_SetConfig                       0x080023c1   Thumb Code   168  stm32l4xx_hal_tim.o(i.TIM_Base_SetConfig)
    UART_AdvFeatureConfig                    0x0800248f   Thumb Code   200  stm32l4xx_hal_uart.o(i.UART_AdvFeatureConfig)
    UART_CheckIdleState                      0x08002557   Thumb Code   170  stm32l4xx_hal_uart.o(i.UART_CheckIdleState)
    UART_SetConfig                           0x08002679   Thumb Code   662  stm32l4xx_hal_uart.o(i.UART_SetConfig)
    UART_WaitOnFlagUntilTimeout              0x08002939   Thumb Code   152  stm32l4xx_hal_uart.o(i.UART_WaitOnFlagUntilTimeout)
    USART1_IRQHandler                        0x080029d1   Thumb Code     6  stm32l4xx_it.o(i.USART1_IRQHandler)
    UsageFault_Handler                       0x080029dd   Thumb Code     2  stm32l4xx_it.o(i.UsageFault_Handler)
    __scatterload_copy                       0x080029ff   Thumb Code    14  handlers.o(i.__scatterload_copy)
    __scatterload_null                       0x08002a0d   Thumb Code     2  handlers.o(i.__scatterload_null)
    __scatterload_zeroinit                   0x08002a0f   Thumb Code    14  handlers.o(i.__scatterload_zeroinit)
    main                                     0x08002a1d   Thumb Code    42  main.o(i.main)
    osDelay                                  0x08002a47   Thumb Code    28  cmsis_os2.o(i.osDelay)
    osKernelInitialize                       0x08002a65   Thumb Code    34  cmsis_os2.o(i.osKernelInitialize)
    osKernelStart                            0x08002a8d   Thumb Code    48  cmsis_os2.o(i.osKernelStart)
    osThreadNew                              0x08002ac5   Thumb Code   186  cmsis_os2.o(i.osThreadNew)
    pvPortMalloc                             0x0800339d   Thumb Code   214  heap_4.o(i.pvPortMalloc)
    pxPortInitialiseStack                    0x08003479   Thumb Code    30  port.o(i.pxPortInitialiseStack)
    uxListRemove                             0x0800349d   Thumb Code    38  list.o(i.uxListRemove)
    vApplicationGetIdleTaskMemory            0x080034c5   Thumb Code    16  cmsis_os2.o(i.vApplicationGetIdleTaskMemory)
    vApplicationGetTimerTaskMemory           0x080034d9   Thumb Code    16  cmsis_os2.o(i.vApplicationGetTimerTaskMemory)
    vListInitialise                          0x080034ed   Thumb Code    22  list.o(i.vListInitialise)
    vListInitialiseItem                      0x08003503   Thumb Code     6  list.o(i.vListInitialiseItem)
    vListInsert                              0x08003509   Thumb Code    48  list.o(i.vListInsert)
    vListInsertEnd                           0x08003539   Thumb Code    24  list.o(i.vListInsertEnd)
    vPortEnterCritical                       0x08003551   Thumb Code    54  port.o(i.vPortEnterCritical)
    vPortExitCritical                        0x08003591   Thumb Code    38  port.o(i.vPortExitCritical)
    vPortFree                                0x080035bd   Thumb Code    94  heap_4.o(i.vPortFree)
    vPortSetupTimerInterrupt                 0x08003621   Thumb Code    32  port.o(i.vPortSetupTimerInterrupt)
    vPortValidateInterruptPriority           0x08003645   Thumb Code    74  port.o(i.vPortValidateInterruptPriority)
    vQueueAddToRegistry                      0x08003699   Thumb Code    32  queue.o(i.vQueueAddToRegistry)
    vQueueWaitForMessageRestricted           0x080036bd   Thumb Code    70  queue.o(i.vQueueWaitForMessageRestricted)
    vTaskDelay                               0x08003705   Thumb Code    70  tasks.o(i.vTaskDelay)
    vTaskInternalSetTimeOutState             0x08003755   Thumb Code    12  tasks.o(i.vTaskInternalSetTimeOutState)
    vTaskMissedYield                         0x08003765   Thumb Code     8  tasks.o(i.vTaskMissedYield)
    vTaskPlaceOnEventList                    0x08003771   Thumb Code    46  tasks.o(i.vTaskPlaceOnEventList)
    vTaskPlaceOnEventListRestricted          0x080037a5   Thumb Code    54  tasks.o(i.vTaskPlaceOnEventListRestricted)
    vTaskStartScheduler                      0x080037e1   Thumb Code   126  tasks.o(i.vTaskStartScheduler)
    vTaskSuspendAll                          0x08003871   Thumb Code    10  tasks.o(i.vTaskSuspendAll)
    vTaskSwitchContext                       0x08003881   Thumb Code    94  tasks.o(i.vTaskSwitchContext)
    xPortStartScheduler                      0x080038e9   Thumb Code   222  port.o(i.xPortStartScheduler)
    xPortSysTickHandler                      0x080039dd   Thumb Code    38  port.o(i.xPortSysTickHandler)
    xQueueGenericCreateStatic                0x08003a09   Thumb Code   108  queue.o(i.xQueueGenericCreateStatic)
    xQueueGenericReset                       0x08003a75   Thumb Code   134  queue.o(i.xQueueGenericReset)
    xQueueGenericSend                        0x08003b01   Thumb Code   352  queue.o(i.xQueueGenericSend)
    xQueueGenericSendFromISR                 0x08003c65   Thumb Code   192  queue.o(i.xQueueGenericSendFromISR)
    xQueueReceive                            0x08003d25   Thumb Code   310  queue.o(i.xQueueReceive)
    xTaskCheckForTimeOut                     0x08003e61   Thumb Code   118  tasks.o(i.xTaskCheckForTimeOut)
    xTaskCreate                              0x08003edd   Thumb Code   100  tasks.o(i.xTaskCreate)
    xTaskCreateStatic                        0x08003f47   Thumb Code    92  tasks.o(i.xTaskCreateStatic)
    xTaskGetSchedulerState                   0x08003fa5   Thumb Code    24  tasks.o(i.xTaskGetSchedulerState)
    xTaskGetTickCount                        0x08003fc1   Thumb Code     6  tasks.o(i.xTaskGetTickCount)
    xTaskIncrementTick                       0x08003fcd   Thumb Code   196  tasks.o(i.xTaskIncrementTick)
    xTaskPriorityDisinherit                  0x08004099   Thumb Code   116  tasks.o(i.xTaskPriorityDisinherit)
    xTaskRemoveFromEventList                 0x08004115   Thumb Code   106  tasks.o(i.xTaskRemoveFromEventList)
    xTaskResumeAll                           0x0800418d   Thumb Code   184  tasks.o(i.xTaskResumeAll)
    xTimerCreateTimerTask                    0x08004255   Thumb Code    86  timers.o(i.xTimerCreateTimerTask)
    xTimerGenericCommand                     0x080042bd   Thumb Code   104  timers.o(i.xTimerGenericCommand)
    defaultTask_attributes                   0x08004328   Data          36  freertos.o(.constdata)
    AHBPrescTable                            0x0800434c   Data          16  system_stm32l4xx.o(.constdata)
    MSIRangeTable                            0x0800435c   Data          48  system_stm32l4xx.o(.constdata)
    APBPrescTable                            0x0800438c   Data           8  system_stm32l4xx.o(.constdata)
    Region$$Table$$Base                      0x080043a0   Number         0  anon$$obj.o(Region$$Table)
    Region$$Table$$Limit                     0x080043c0   Number         0  anon$$obj.o(Region$$Table)
    defaultTaskHandle                        0x20000000   Data           4  freertos.o(.data)
    uwTickFreq                               0x20000004   Data           1  stm32l4xx_hal.o(.data)
    uwTickPrio                               0x20000008   Data           4  stm32l4xx_hal.o(.data)
    uwTick                                   0x2000000c   Data           4  stm32l4xx_hal.o(.data)
    SystemCoreClock                          0x20000010   Data           4  system_stm32l4xx.o(.data)
    pxCurrentTCB                             0x20000014   Data           4  tasks.o(.data)
    hspi2                                    0x20000094   Data         100  spi.o(.bss)
    htim6                                    0x200000f8   Data          76  tim.o(.bss)
    huart1                                   0x20000144   Data         136  usart.o(.bss)
    hdma_usart1_rx                           0x200001cc   Data          72  usart.o(.bss)
    htim7                                    0x20000214   Data          76  stm32l4xx_hal_timebase_tim.o(.bss)
    xQueueRegistry                           0x20000260   Data          64  queue.o(.bss)
    __initial_sp                             0x20008c58   Data           0  startup_stm32l471xx.o(STACK)



==============================================================================

Memory Map of the image

  Image Entry point : 0x08000189

  Load Region LR_IROM1 (Base: 0x08000000, Size: 0x00004454, Max: 0x00100000, ABSOLUTE)

    Execution Region ER_IROM1 (Exec base: 0x08000000, Load base: 0x08000000, Size: 0x000043c0, Max: 0x00100000, ABSOLUTE)

    Exec Addr    Load Addr    Size         Type   Attr      Idx    E Section Name        Object

    0x08000000   0x08000000   0x00000188   Data   RO            3    RESET               startup_stm32l471xx.o
    0x08000188   0x08000188   0x00000000   Code   RO         5759  * .ARM.Collect$$$$00000000  mc_w.l(entry.o)
    0x08000188   0x08000188   0x00000004   Code   RO         5772    .ARM.Collect$$$$00000001  mc_w.l(entry2.o)
    0x0800018c   0x0800018c   0x00000004   Code   RO         5775    .ARM.Collect$$$$00000004  mc_w.l(entry5.o)
    0x08000190   0x08000190   0x00000000   Code   RO         5777    .ARM.Collect$$$$00000008  mc_w.l(entry7b.o)
    0x08000190   0x08000190   0x00000000   Code   RO         5779    .ARM.Collect$$$$0000000A  mc_w.l(entry8b.o)
    0x08000190   0x08000190   0x00000008   Code   RO         5780    .ARM.Collect$$$$0000000B  mc_w.l(entry9a.o)
    0x08000198   0x08000198   0x00000004   Code   RO         5787    .ARM.Collect$$$$0000000E  mc_w.l(entry12b.o)
    0x0800019c   0x0800019c   0x00000000   Code   RO         5782    .ARM.Collect$$$$0000000F  mc_w.l(entry10a.o)
    0x0800019c   0x0800019c   0x00000000   Code   RO         5784    .ARM.Collect$$$$00000011  mc_w.l(entry11a.o)
    0x0800019c   0x0800019c   0x00000004   Code   RO         5773    .ARM.Collect$$$$00002712  mc_w.l(entry2.o)
    0x080001a0   0x080001a0   0x000000de   Code   RO         5682    .emb_text           port.o
    0x0800027e   0x0800027e   0x00000002   PAD
    0x08000280   0x08000280   0x00000024   Code   RO            4    .text               startup_stm32l471xx.o
    0x080002a4   0x080002a4   0x00000068   Code   RO         5762    .text               mc_w.l(uldiv.o)
    0x0800030c   0x0800030c   0x00000024   Code   RO         5764    .text               mc_w.l(memcpya.o)
    0x08000330   0x08000330   0x00000024   Code   RO         5768    .text               mc_w.l(memseta.o)
    0x08000354   0x08000354   0x0000001e   Code   RO         5788    .text               mc_w.l(llshl.o)
    0x08000372   0x08000372   0x00000020   Code   RO         5790    .text               mc_w.l(llushr.o)
    0x08000392   0x08000392   0x00000002   PAD
    0x08000394   0x08000394   0x00000024   Code   RO         5792    .text               mc_w.l(init.o)
    0x080003b8   0x080003b8   0x00000002   Code   RO          430    i.BusFault_Handler  stm32l4xx_it.o
    0x080003ba   0x080003ba   0x00000002   PAD
    0x080003bc   0x080003bc   0x0000000c   Code   RO          431    i.DMA1_Channel5_IRQHandler  stm32l4xx_it.o
    0x080003c8   0x080003c8   0x00000002   Code   RO          432    i.DebugMon_Handler  stm32l4xx_it.o
    0x080003ca   0x080003ca   0x00000004   Code   RO           13    i.Error_Handler     main.o
    0x080003ce   0x080003ce   0x00000052   Code   RO         2410    i.HAL_DMA_Abort     stm32l4xx_hal_dma.o
    0x08000420   0x08000420   0x0000004e   Code   RO         2411    i.HAL_DMA_Abort_IT  stm32l4xx_hal_dma.o
    0x0800046e   0x0800046e   0x00000002   PAD
    0x08000470   0x08000470   0x000000ec   Code   RO         2415    i.HAL_DMA_IRQHandler  stm32l4xx_hal_dma.o
    0x0800055c   0x0800055c   0x000000e4   Code   RO         2416    i.HAL_DMA_Init      stm32l4xx_hal_dma.o
    0x08000640   0x08000640   0x000001da   Code   RO         2310    i.HAL_GPIO_Init     stm32l4xx_hal_gpio.o
    0x0800081a   0x0800081a   0x0000000c   Code   RO         2314    i.HAL_GPIO_WritePin  stm32l4xx_hal_gpio.o
    0x08000826   0x08000826   0x00000002   PAD
    0x08000828   0x08000828   0x0000000c   Code   RO         1598    i.HAL_GetTick       stm32l4xx_hal.o
    0x08000834   0x08000834   0x00000010   Code   RO         1604    i.HAL_IncTick       stm32l4xx_hal.o
    0x08000844   0x08000844   0x0000001e   Code   RO         1605    i.HAL_Init          stm32l4xx_hal.o
    0x08000862   0x08000862   0x00000002   PAD
    0x08000864   0x08000864   0x00000098   Code   RO          536    i.HAL_InitTick      stm32l4xx_hal_timebase_tim.o
    0x080008fc   0x080008fc   0x00000034   Code   RO          512    i.HAL_MspInit       stm32l4xx_hal_msp.o
    0x08000930   0x08000930   0x0000001a   Code   RO         2865    i.HAL_NVIC_EnableIRQ  stm32l4xx_hal_cortex.o
    0x0800094a   0x0800094a   0x00000002   PAD
    0x0800094c   0x0800094c   0x00000040   Code   RO         2871    i.HAL_NVIC_SetPriority  stm32l4xx_hal_cortex.o
    0x0800098c   0x0800098c   0x00000024   Code   RO         2872    i.HAL_NVIC_SetPriorityGrouping  stm32l4xx_hal_cortex.o
    0x080009b0   0x080009b0   0x0000006c   Code   RO         2637    i.HAL_PWREx_ControlVoltageScaling  stm32l4xx_hal_pwr_ex.o
    0x08000a1c   0x08000a1c   0x00000010   Code   RO         2664    i.HAL_PWREx_GetVoltageRange  stm32l4xx_hal_pwr_ex.o
    0x08000a2c   0x08000a2c   0x00000382   Code   RO         1943    i.HAL_RCCEx_PeriphCLKConfig  stm32l4xx_hal_rcc_ex.o
    0x08000dae   0x08000dae   0x00000002   PAD
    0x08000db0   0x08000db0   0x00000170   Code   RO         1822    i.HAL_RCC_ClockConfig  stm32l4xx_hal_rcc.o
    0x08000f20   0x08000f20   0x0000003c   Code   RO         1825    i.HAL_RCC_GetClockConfig  stm32l4xx_hal_rcc.o
    0x08000f5c   0x08000f5c   0x0000000c   Code   RO         1826    i.HAL_RCC_GetHCLKFreq  stm32l4xx_hal_rcc.o
    0x08000f68   0x08000f68   0x00000024   Code   RO         1828    i.HAL_RCC_GetPCLK1Freq  stm32l4xx_hal_rcc.o
    0x08000f8c   0x08000f8c   0x00000024   Code   RO         1829    i.HAL_RCC_GetPCLK2Freq  stm32l4xx_hal_rcc.o
    0x08000fb0   0x08000fb0   0x000000a4   Code   RO         1831    i.HAL_RCC_GetSysClockFreq  stm32l4xx_hal_rcc.o
    0x08001054   0x08001054   0x0000056c   Code   RO         1834    i.HAL_RCC_OscConfig  stm32l4xx_hal_rcc.o
    0x080015c0   0x080015c0   0x000000e2   Code   RO         3088    i.HAL_SPI_Init      stm32l4xx_hal_spi.o
    0x080016a2   0x080016a2   0x00000002   PAD
    0x080016a4   0x080016a4   0x00000068   Code   RO          305    i.HAL_SPI_MspInit   spi.o
    0x0800170c   0x0800170c   0x00000002   Code   RO         1302    i.HAL_TIMEx_Break2Callback  stm32l4xx_hal_tim_ex.o
    0x0800170e   0x0800170e   0x00000002   Code   RO         1303    i.HAL_TIMEx_BreakCallback  stm32l4xx_hal_tim_ex.o
    0x08001710   0x08001710   0x00000002   Code   RO         1304    i.HAL_TIMEx_CommutCallback  stm32l4xx_hal_tim_ex.o
    0x08001712   0x08001712   0x00000002   PAD
    0x08001714   0x08001714   0x00000098   Code   RO         1324    i.HAL_TIMEx_MasterConfigSynchronization  stm32l4xx_hal_tim_ex.o
    0x080017ac   0x080017ac   0x0000004e   Code   RO          577    i.HAL_TIM_Base_Init  stm32l4xx_hal_tim.o
    0x080017fa   0x080017fa   0x00000002   PAD
    0x080017fc   0x080017fc   0x0000003c   Code   RO          347    i.HAL_TIM_Base_MspInit  tim.o
    0x08001838   0x08001838   0x0000008c   Code   RO          582    i.HAL_TIM_Base_Start_IT  stm32l4xx_hal_tim.o
    0x080018c4   0x080018c4   0x00000002   Code   RO          611    i.HAL_TIM_IC_CaptureCallback  stm32l4xx_hal_tim.o
    0x080018c6   0x080018c6   0x00000152   Code   RO          625    i.HAL_TIM_IRQHandler  stm32l4xx_hal_tim.o
    0x08001a18   0x08001a18   0x00000002   Code   RO          628    i.HAL_TIM_OC_DelayElapsedCallback  stm32l4xx_hal_tim.o
    0x08001a1a   0x08001a1a   0x00000002   Code   RO          655    i.HAL_TIM_PWM_PulseFinishedCallback  stm32l4xx_hal_tim.o
    0x08001a1c   0x08001a1c   0x00000014   Code   RO           14    i.HAL_TIM_PeriodElapsedCallback  main.o
    0x08001a30   0x08001a30   0x00000002   Code   RO          668    i.HAL_TIM_TriggerCallback  stm32l4xx_hal_tim.o
    0x08001a32   0x08001a32   0x00000002   Code   RO         3437    i.HAL_UARTEx_RxEventCallback  stm32l4xx_hal_uart.o
    0x08001a34   0x08001a34   0x00000002   Code   RO         3836    i.HAL_UARTEx_WakeupCallback  stm32l4xx_hal_uart_ex.o
    0x08001a36   0x08001a36   0x00000002   Code   RO         3453    i.HAL_UART_ErrorCallback  stm32l4xx_hal_uart.o
    0x08001a38   0x08001a38   0x000002d4   Code   RO         3456    i.HAL_UART_IRQHandler  stm32l4xx_hal_uart.o
    0x08001d0c   0x08001d0c   0x0000006c   Code   RO         3457    i.HAL_UART_Init     stm32l4xx_hal_uart.o
    0x08001d78   0x08001d78   0x000000c0   Code   RO          389    i.HAL_UART_MspInit  usart.o
    0x08001e38   0x08001e38   0x00000002   Code   RO         3469    i.HAL_UART_TxCpltCallback  stm32l4xx_hal_uart.o
    0x08001e3a   0x08001e3a   0x00000002   Code   RO          433    i.HardFault_Handler  stm32l4xx_it.o
    0x08001e3c   0x08001e3c   0x0000002c   Code   RO          280    i.MX_DMA_Init       dma.o
    0x08001e68   0x08001e68   0x00000020   Code   RO          237    i.MX_FREERTOS_Init  freertos.o
    0x08001e88   0x08001e88   0x000000c4   Code   RO          213    i.MX_GPIO_Init      gpio.o
    0x08001f4c   0x08001f4c   0x00000050   Code   RO          306    i.MX_SPI2_Init      spi.o
    0x08001f9c   0x08001f9c   0x00000048   Code   RO          348    i.MX_TIM6_Init      tim.o
    0x08001fe4   0x08001fe4   0x0000003c   Code   RO          390    i.MX_USART1_UART_Init  usart.o
    0x08002020   0x08002020   0x00000002   Code   RO          434    i.MemManage_Handler  stm32l4xx_it.o
    0x08002022   0x08002022   0x00000002   Code   RO          435    i.NMI_Handler       stm32l4xx_it.o
    0x08002024   0x08002024   0x00000144   Code   RO         1947    i.RCCEx_PLLSAI1_Config  stm32l4xx_hal_rcc_ex.o
    0x08002168   0x08002168   0x0000011c   Code   RO         1948    i.RCCEx_PLLSAI2_Config  stm32l4xx_hal_rcc_ex.o
    0x08002284   0x08002284   0x00000084   Code   RO         1835    i.RCC_SetFlashLatencyFromMSIRange  stm32l4xx_hal_rcc.o
    0x08002308   0x08002308   0x00000008   Code   RO          238    i.StartDefaultTask  freertos.o
    0x08002310   0x08002310   0x0000001a   Code   RO         5102    i.SysTick_Handler   cmsis_os2.o
    0x0800232a   0x0800232a   0x0000006e   Code   RO           15    i.SystemClock_Config  main.o
    0x08002398   0x08002398   0x00000010   Code   RO         3921    i.SystemInit        system_stm32l4xx.o
    0x080023a8   0x080023a8   0x0000000c   Code   RO          436    i.TIM6_DAC_IRQHandler  stm32l4xx_it.o
    0x080023b4   0x080023b4   0x0000000c   Code   RO          437    i.TIM7_IRQHandler   stm32l4xx_it.o
    0x080023c0   0x080023c0   0x000000ce   Code   RO          670    i.TIM_Base_SetConfig  stm32l4xx_hal_tim.o
    0x0800248e   0x0800248e   0x000000c8   Code   RO         3471    i.UART_AdvFeatureConfig  stm32l4xx_hal_uart.o
    0x08002556   0x08002556   0x000000aa   Code   RO         3472    i.UART_CheckIdleState  stm32l4xx_hal_uart.o
    0x08002600   0x08002600   0x0000000a   Code   RO         3473    i.UART_DMAAbortOnError  stm32l4xx_hal_uart.o
    0x0800260a   0x0800260a   0x0000004c   Code   RO         3483    i.UART_EndRxTransfer  stm32l4xx_hal_uart.o
    0x08002656   0x08002656   0x00000022   Code   RO         3484    i.UART_EndTransmit_IT  stm32l4xx_hal_uart.o
    0x08002678   0x08002678   0x000002c0   Code   RO         3488    i.UART_SetConfig    stm32l4xx_hal_uart.o
    0x08002938   0x08002938   0x00000098   Code   RO         3493    i.UART_WaitOnFlagUntilTimeout  stm32l4xx_hal_uart.o
    0x080029d0   0x080029d0   0x0000000c   Code   RO          438    i.USART1_IRQHandler  stm32l4xx_it.o
    0x080029dc   0x080029dc   0x00000002   Code   RO          439    i.UsageFault_Handler  stm32l4xx_it.o
    0x080029de   0x080029de   0x00000020   Code   RO         2878    i.__NVIC_SetPriority  stm32l4xx_hal_cortex.o
    0x080029fe   0x080029fe   0x0000000e   Code   RO         5796    i.__scatterload_copy  mc_w.l(handlers.o)
    0x08002a0c   0x08002a0c   0x00000002   Code   RO         5797    i.__scatterload_null  mc_w.l(handlers.o)
    0x08002a0e   0x08002a0e   0x0000000e   Code   RO         5798    i.__scatterload_zeroinit  mc_w.l(handlers.o)
    0x08002a1c   0x08002a1c   0x0000002a   Code   RO           16    i.main              main.o
    0x08002a46   0x08002a46   0x0000001c   Code   RO         5104    i.osDelay           cmsis_os2.o
    0x08002a62   0x08002a62   0x00000002   PAD
    0x08002a64   0x08002a64   0x00000028   Code   RO         5118    i.osKernelInitialize  cmsis_os2.o
    0x08002a8c   0x08002a8c   0x00000038   Code   RO         5121    i.osKernelStart     cmsis_os2.o
    0x08002ac4   0x08002ac4   0x000000ba   Code   RO         5163    i.osThreadNew       cmsis_os2.o
    0x08002b7e   0x08002b7e   0x00000002   PAD
    0x08002b80   0x08002b80   0x00000060   Code   RO         4539    i.prvAddCurrentTaskToDelayedList  tasks.o
    0x08002be0   0x08002be0   0x00000088   Code   RO         4540    i.prvAddNewTaskToReadyList  tasks.o
    0x08002c68   0x08002c68   0x00000058   Code   RO         4915    i.prvCheckForValidListAndQueue  timers.o
    0x08002cc0   0x08002cc0   0x0000003c   Code   RO         4541    i.prvCheckTasksWaitingTermination  tasks.o
    0x08002cfc   0x08002cfc   0x00000028   Code   RO         4126    i.prvCopyDataFromQueue  queue.o
    0x08002d24   0x08002d24   0x0000006e   Code   RO         4127    i.prvCopyDataToQueue  queue.o
    0x08002d92   0x08002d92   0x00000040   Code   RO         4542    i.prvDeleteTCB      tasks.o
    0x08002dd2   0x08002dd2   0x00000002   PAD
    0x08002dd4   0x08002dd4   0x00000024   Code   RO         4916    i.prvGetNextExpireTime  timers.o
    0x08002df8   0x08002df8   0x0000004c   Code   RO         5627    i.prvHeapInit       heap_4.o
    0x08002e44   0x08002e44   0x00000028   Code   RO         4543    i.prvIdleTask       tasks.o
    0x08002e6c   0x08002e6c   0x00000022   Code   RO         4130    i.prvInitialiseNewQueue  queue.o
    0x08002e8e   0x08002e8e   0x000000ae   Code   RO         4544    i.prvInitialiseNewTask  tasks.o
    0x08002f3c   0x08002f3c   0x00000058   Code   RO         4545    i.prvInitialiseTaskLists  tasks.o
    0x08002f94   0x08002f94   0x00000054   Code   RO         5628    i.prvInsertBlockIntoFreeList  heap_4.o
    0x08002fe8   0x08002fe8   0x00000040   Code   RO         4918    i.prvInsertTimerInActiveList  timers.o
    0x08003028   0x08003028   0x0000001a   Code   RO         4131    i.prvIsQueueEmpty   queue.o
    0x08003042   0x08003042   0x0000001e   Code   RO         4132    i.prvIsQueueFull    queue.o
    0x08003060   0x08003060   0x00000068   Code   RO         4919    i.prvProcessExpiredTimer  timers.o
    0x080030c8   0x080030c8   0x000000fc   Code   RO         4920    i.prvProcessReceivedCommands  timers.o
    0x080031c4   0x080031c4   0x0000006c   Code   RO         4921    i.prvProcessTimerOrBlockTask  timers.o
    0x08003230   0x08003230   0x00000024   Code   RO         4547    i.prvResetNextTaskUnblockTime  tasks.o
    0x08003254   0x08003254   0x0000002c   Code   RO         4922    i.prvSampleTimeNow  timers.o
    0x08003280   0x08003280   0x00000070   Code   RO         4923    i.prvSwitchTimerLists  timers.o
    0x080032f0   0x080032f0   0x0000002c   Code   RO         5683    i.prvTaskExitError  port.o
    0x0800331c   0x0800331c   0x00000014   Code   RO         4924    i.prvTimerTask      timers.o
    0x08003330   0x08003330   0x0000006a   Code   RO         4133    i.prvUnlockQueue    queue.o
    0x0800339a   0x0800339a   0x00000002   PAD
    0x0800339c   0x0800339c   0x000000dc   Code   RO         5629    i.pvPortMalloc      heap_4.o
    0x08003478   0x08003478   0x00000024   Code   RO         5684    i.pxPortInitialiseStack  port.o
    0x0800349c   0x0800349c   0x00000026   Code   RO         4086    i.uxListRemove      list.o
    0x080034c2   0x080034c2   0x00000002   PAD
    0x080034c4   0x080034c4   0x00000014   Code   RO         5175    i.vApplicationGetIdleTaskMemory  cmsis_os2.o
    0x080034d8   0x080034d8   0x00000014   Code   RO         5176    i.vApplicationGetTimerTaskMemory  cmsis_os2.o
    0x080034ec   0x080034ec   0x00000016   Code   RO         4087    i.vListInitialise   list.o
    0x08003502   0x08003502   0x00000006   Code   RO         4088    i.vListInitialiseItem  list.o
    0x08003508   0x08003508   0x00000030   Code   RO         4089    i.vListInsert       list.o
    0x08003538   0x08003538   0x00000018   Code   RO         4090    i.vListInsertEnd    list.o
    0x08003550   0x08003550   0x00000040   Code   RO         5686    i.vPortEnterCritical  port.o
    0x08003590   0x08003590   0x0000002c   Code   RO         5687    i.vPortExitCritical  port.o
    0x080035bc   0x080035bc   0x00000064   Code   RO         5630    i.vPortFree         heap_4.o
    0x08003620   0x08003620   0x00000024   Code   RO         5688    i.vPortSetupTimerInterrupt  port.o
    0x08003644   0x08003644   0x00000054   Code   RO         5689    i.vPortValidateInterruptPriority  port.o
    0x08003698   0x08003698   0x00000024   Code   RO         4139    i.vQueueAddToRegistry  queue.o
    0x080036bc   0x080036bc   0x00000046   Code   RO         4143    i.vQueueWaitForMessageRestricted  queue.o
    0x08003702   0x08003702   0x00000002   PAD
    0x08003704   0x08003704   0x00000050   Code   RO         4560    i.vTaskDelay        tasks.o
    0x08003754   0x08003754   0x00000010   Code   RO         4565    i.vTaskInternalSetTimeOutState  tasks.o
    0x08003764   0x08003764   0x0000000c   Code   RO         4566    i.vTaskMissedYield  tasks.o
    0x08003770   0x08003770   0x00000034   Code   RO         4568    i.vTaskPlaceOnEventList  tasks.o
    0x080037a4   0x080037a4   0x0000003c   Code   RO         4569    i.vTaskPlaceOnEventListRestricted  tasks.o
    0x080037e0   0x080037e0   0x00000090   Code   RO         4577    i.vTaskStartScheduler  tasks.o
    0x08003870   0x08003870   0x00000010   Code   RO         4579    i.vTaskSuspendAll   tasks.o
    0x08003880   0x08003880   0x00000068   Code   RO         4580    i.vTaskSwitchContext  tasks.o
    0x080038e8   0x080038e8   0x000000f4   Code   RO         5690    i.xPortStartScheduler  port.o
    0x080039dc   0x080039dc   0x0000002c   Code   RO         5691    i.xPortSysTickHandler  port.o
    0x08003a08   0x08003a08   0x0000006c   Code   RO         4149    i.xQueueGenericCreateStatic  queue.o
    0x08003a74   0x08003a74   0x0000008c   Code   RO         4150    i.xQueueGenericReset  queue.o
    0x08003b00   0x08003b00   0x00000164   Code   RO         4151    i.xQueueGenericSend  queue.o
    0x08003c64   0x08003c64   0x000000c0   Code   RO         4152    i.xQueueGenericSendFromISR  queue.o
    0x08003d24   0x08003d24   0x0000013c   Code   RO         4161    i.xQueueReceive     queue.o
    0x08003e60   0x08003e60   0x0000007c   Code   RO         4582    i.xTaskCheckForTimeOut  tasks.o
    0x08003edc   0x08003edc   0x0000006a   Code   RO         4583    i.xTaskCreate       tasks.o
    0x08003f46   0x08003f46   0x0000005c   Code   RO         4584    i.xTaskCreateStatic  tasks.o
    0x08003fa2   0x08003fa2   0x00000002   PAD
    0x08003fa4   0x08003fa4   0x0000001c   Code   RO         4588    i.xTaskGetSchedulerState  tasks.o
    0x08003fc0   0x08003fc0   0x0000000c   Code   RO         4589    i.xTaskGetTickCount  tasks.o
    0x08003fcc   0x08003fcc   0x000000cc   Code   RO         4591    i.xTaskIncrementTick  tasks.o
    0x08004098   0x08004098   0x0000007c   Code   RO         4594    i.xTaskPriorityDisinherit  tasks.o
    0x08004114   0x08004114   0x00000078   Code   RO         4596    i.xTaskRemoveFromEventList  tasks.o
    0x0800418c   0x0800418c   0x000000c8   Code   RO         4597    i.xTaskResumeAll    tasks.o
    0x08004254   0x08004254   0x00000068   Code   RO         4933    i.xTimerCreateTimerTask  timers.o
    0x080042bc   0x080042bc   0x0000006c   Code   RO         4934    i.xTimerGenericCommand  timers.o
    0x08004328   0x08004328   0x00000024   Data   RO          239    .constdata          freertos.o
    0x0800434c   0x0800434c   0x00000040   Data   RO         3922    .constdata          system_stm32l4xx.o
    0x0800438c   0x0800438c   0x00000008   Data   RO         3923    .constdata          system_stm32l4xx.o
    0x08004394   0x08004394   0x0000000c   Data   RO          240    .conststring        freertos.o
    0x080043a0   0x080043a0   0x00000020   Data   RO         5794    Region$$Table       anon$$obj.o


    Execution Region RW_IRAM2 (Exec base: 0x10000000, Load base: 0x08004454, Size: 0x00000000, Max: 0x00008000, ABSOLUTE)

    **** No section assigned to this execution region ****


    Execution Region RW_IRAM1 (Exec base: 0x20000000, Load base: 0x080043c0, Size: 0x00008c58, Max: 0x00018000, ABSOLUTE)

    Exec Addr    Load Addr    Size         Type   Attr      Idx    E Section Name        Object

    0x20000000   0x080043c0   0x00000004   Data   RW          241    .data               freertos.o
    0x20000004   0x080043c4   0x0000000c   Data   RW         1622    .data               stm32l4xx_hal.o
    0x20000010   0x080043d0   0x00000004   Data   RW         3924    .data               system_stm32l4xx.o
    0x20000014   0x080043d4   0x0000003c   Data   RW         4600    .data               tasks.o
    0x20000050   0x08004410   0x00000014   Data   RW         4942    .data               timers.o
    0x20000064   0x08004424   0x00000004   Data   RW         5178    .data               cmsis_os2.o
    0x20000068   0x08004428   0x00000020   Data   RW         5636    .data               heap_4.o
    0x20000088   0x08004448   0x0000000c   Data   RW         5692    .data               port.o
    0x20000094        -       0x00000064   Zero   RW          307    .bss                spi.o
    0x200000f8        -       0x0000004c   Zero   RW          349    .bss                tim.o
    0x20000144        -       0x000000d0   Zero   RW          391    .bss                usart.o
    0x20000214        -       0x0000004c   Zero   RW          539    .bss                stm32l4xx_hal_timebase_tim.o
    0x20000260        -       0x00000040   Zero   RW         4165    .bss                queue.o
    0x200002a0        -       0x000004c4   Zero   RW         4599    .bss                tasks.o
    0x20000764        -       0x00000118   Zero   RW         4941    .bss                timers.o
    0x2000087c        -       0x000006ac   Zero   RW         5177    .bss                cmsis_os2.o
    0x20000f28        -       0x00007530   Zero   RW         5635    .bss                heap_4.o
    0x20008458        -       0x00000800   Zero   RW            1    STACK               startup_stm32l471xx.o


==============================================================================

Image component sizes


      Code (inc. data)   RO Data    RW Data    ZI Data      Debug   Object Name

       376         22          0          4       1708      64811   cmsis_os2.o
        44          4          0          0          0        750   dma.o
         0          0          0          0          0      19400   event_groups.o
        40         14         48          4          0       1661   freertos.o
       196         16          0          0          0       1003   gpio.o
       480         28          0         32      30000       4927   heap_4.o
       138          0          0          0          0       3510   list.o
       176          6          0          0          0     781144   main.o
       818         84          0         12          0      11477   port.o
      1564         20          0          0         64      17556   queue.o
       184         24          0          0        100       1665   spi.o
        36          8        392          0       2048        824   startup_stm32l471xx.o
        58         10          0         12          0      13002   stm32l4xx_hal.o
       158         14          0          0          0      33078   stm32l4xx_hal_cortex.o
       624         22          0          0          0       3459   stm32l4xx_hal_dma.o
       486         36          0          0          0       2268   stm32l4xx_hal_gpio.o
        52          4          0          0          0        838   stm32l4xx_hal_msp.o
       124         18          0          0          0       1342   stm32l4xx_hal_pwr_ex.o
      2196        108          0          0          0       8849   stm32l4xx_hal_rcc.o
      1506         40          0          0          0       4160   stm32l4xx_hal_rcc_ex.o
       226          0          0          0          0       1239   stm32l4xx_hal_spi.o
       770         62          0          0          0       6099   stm32l4xx_hal_tim.o
       158         26          0          0          0       3160   stm32l4xx_hal_tim_ex.o
       152         20          0          0         76       1527   stm32l4xx_hal_timebase_tim.o
      2184         70          0          0          0      11127   stm32l4xx_hal_uart.o
         2          0          0          0          0        960   stm32l4xx_hal_uart_ex.o
        60         24          0          0          0       4572   stm32l4xx_it.o
         0          0          0          0          0        392   stream_buffer.o
        16          4         72          4          0       1153   system_stm32l4xx.o
      2188        186          0         60       1220      27798   tasks.o
       132         18          0          0         76       1566   tim.o
      1040         88          0         20        280      32943   timers.o
       252         24          0          0        208       1821   usart.o

    ----------------------------------------------------------------------
     16470       1000        544        148      35780    1070081   Object Totals
         0          0         32          0          0          0   (incl. Generated)
        34          0          0          0          0          0   (incl. Padding)

    ----------------------------------------------------------------------

      Code (inc. data)   RO Data    RW Data    ZI Data      Debug   Library Member Name

         0          0          0          0          0          0   entry.o
         0          0          0          0          0          0   entry10a.o
         0          0          0          0          0          0   entry11a.o
         4          0          0          0          0          0   entry12b.o
         8          4          0          0          0          0   entry2.o
         4          0          0          0          0          0   entry5.o
         0          0          0          0          0          0   entry7b.o
         0          0          0          0          0          0   entry8b.o
         8          4          0          0          0          0   entry9a.o
        30          0          0          0          0          0   handlers.o
        36          8          0          0          0         68   init.o
        30          0          0          0          0         68   llshl.o
        32          0          0          0          0         68   llushr.o
        36          0          0          0          0         68   memcpya.o
        36          0          0          0          0        108   memseta.o
       104          0          0          0          0         92   uldiv.o

    ----------------------------------------------------------------------
       330         16          0          0          0        472   Library Totals
         2          0          0          0          0          0   (incl. Padding)

    ----------------------------------------------------------------------

      Code (inc. data)   RO Data    RW Data    ZI Data      Debug   Library Name

       328         16          0          0          0        472   mc_w.l

    ----------------------------------------------------------------------
       330         16          0          0          0        472   Library Totals

    ----------------------------------------------------------------------

==============================================================================


      Code (inc. data)   RO Data    RW Data    ZI Data      Debug   

     16800       1016        544        148      35780    1055901   Grand Totals
     16800       1016        544        148      35780    1055901   ELF Image Totals
     16800       1016        544        148          0          0   ROM Totals

==============================================================================

    Total RO  Size (Code + RO Data)                17344 (  16.94kB)
    Total RW  Size (RW Data + ZI Data)             35928 (  35.09kB)
    Total ROM Size (Code + RO Data + RW Data)      17492 (  17.08kB)

==============================================================================

